  Determining projects to restore...
  All projects are up-to-date for restore.
E:\┘à╪¿╪º╪»╪▒┘ç\SmartEyeClinic\Program.cs(8,7): error CS0260: Missing partial modifier on declaration of type 'Program'; another partial declaration of this type exists [E:\┘à╪¿╪º╪»╪▒┘ç\SmartEyeClinic\SmartEyeClinic.csproj]
E:\┘à╪¿╪º╪»╪▒┘ç\SmartEyeClinic\SmartEyeClinic.Web\obj\Debug\net10.0\SmartEyeClinic.Web.RazorAssemblyInfo.cs(13,22): error CS0234: The type or namespace name 'AspNetCore' does not exist in the namespace 'Microsoft' (are you missing an assembly reference?) [E:\┘à╪¿╪º╪»╪▒┘ç\SmartEyeClinic\SmartEyeClinic.csproj]
E:\┘à╪¿╪º╪»╪▒┘ç\SmartEyeClinic\obj\Debug\net10.0\.NETCoreApp,Version=v10.0.AssemblyAttributes.cs(4,12): error CS0579: Duplicate 'global::System.Runtime.Versioning.TargetFrameworkAttribute' attribute [E:\┘à╪¿╪º╪»╪▒┘ç\SmartEyeClinic\SmartEyeClinic.csproj]
E:\┘à╪¿╪º╪»╪▒┘ç\SmartEyeClinic\obj\Debug\net10.0\SmartEyeClinic.AssemblyInfo.cs(13,12): error CS0579: Duplicate 'System.Reflection.AssemblyCompanyAttribute' attribute [E:\┘à╪¿╪º╪»╪▒┘ç\SmartEyeClinic\SmartEyeClinic.csproj]
E:\┘à╪¿╪º╪»╪▒┘ç\SmartEyeClinic\obj\Debug\net10.0\SmartEyeClinic.AssemblyInfo.cs(14,12): error CS0579: Duplicate 'System.Reflection.AssemblyConfigurationAttribute' attribute [E:\┘à╪¿╪º╪»╪▒┘ç\SmartEyeClinic\SmartEyeClinic.csproj]
E:\┘à╪¿╪º╪»╪▒┘ç\SmartEyeClinic\obj\Debug\net10.0\SmartEyeClinic.AssemblyInfo.cs(15,12): error CS0579: Duplicate 'System.Reflection.AssemblyFileVersionAttribute' attribute [E:\┘à╪¿╪º╪»╪▒┘ç\SmartEyeClinic\SmartEyeClinic.csproj]
E:\┘à╪¿╪º╪»╪▒┘ç\SmartEyeClinic\obj\Debug\net10.0\SmartEyeClinic.AssemblyInfo.cs(16,12): error CS0579: Duplicate 'System.Reflection.AssemblyInformationalVersionAttribute' attribute [E:\┘à╪¿╪º╪»╪▒┘ç\SmartEyeClinic\SmartEyeClinic.csproj]
E:\┘à╪¿╪º╪»╪▒┘ç\SmartEyeClinic\obj\Debug\net10.0\SmartEyeClinic.AssemblyInfo.cs(17,12): error CS0579: Duplicate 'System.Reflection.AssemblyProductAttribute' attribute [E:\┘à╪¿╪º╪»╪▒┘ç\SmartEyeClinic\SmartEyeClinic.csproj]
E:\┘à╪¿╪º╪»╪▒┘ç\SmartEyeClinic\obj\Debug\net10.0\SmartEyeClinic.AssemblyInfo.cs(18,12): error CS0579: Duplicate 'System.Reflection.AssemblyTitleAttribute' attribute [E:\┘à╪¿╪º╪»╪▒┘ç\SmartEyeClinic\SmartEyeClinic.csproj]
E:\┘à╪¿╪º╪»╪▒┘ç\SmartEyeClinic\obj\Debug\net10.0\SmartEyeClinic.AssemblyInfo.cs(19,12): error CS0579: Duplicate 'System.Reflection.AssemblyVersionAttribute' attribute [E:\┘à╪¿╪º╪»╪▒┘ç\SmartEyeClinic\SmartEyeClinic.csproj]
E:\┘à╪¿╪º╪»╪▒┘ç\SmartEyeClinic\SmartEyeClinic.Web\Controllers\AppointmentController.cs(1,17): error CS0234: The type or namespace name 'AspNetCore' does not exist in the namespace 'Microsoft' (are you missing an assembly reference?) [E:\┘à╪¿╪º╪»╪▒┘ç\SmartEyeClinic\SmartEyeClinic.csproj]
E:\┘à╪¿╪º╪»╪▒┘ç\SmartEyeClinic\SmartEyeClinic.Web\Controllers\DoctorController.cs(1,17): error CS0234: The type or namespace name 'AspNetCore' does not exist in the namespace 'Microsoft' (are you missing an assembly reference?) [E:\┘à╪¿╪º╪»╪▒┘ç\SmartEyeClinic\SmartEyeClinic.csproj]
E:\┘à╪¿╪º╪»╪▒┘ç\SmartEyeClinic\SmartEyeClinic.Web\Controllers\ExaminationController.cs(1,17): error CS0234: The type or namespace name 'AspNetCore' does not exist in the namespace 'Microsoft' (are you missing an assembly reference?) [E:\┘à╪¿╪º╪»╪▒┘ç\SmartEyeClinic\SmartEyeClinic.csproj]
E:\┘à╪¿╪º╪»╪▒┘ç\SmartEyeClinic\SmartEyeClinic.Web\Controllers\HomeController.cs(2,17): error CS0234: The type or namespace name 'AspNetCore' does not exist in the namespace 'Microsoft' (are you missing an assembly reference?) [E:\┘à╪¿╪º╪»╪▒┘ç\SmartEyeClinic\SmartEyeClinic.csproj]
E:\┘à╪¿╪º╪»╪▒┘ç\SmartEyeClinic\SmartEyeClinic.Web\Controllers\InvoiceController.cs(1,17): error CS0234: The type or namespace name 'AspNetCore' does not exist in the namespace 'Microsoft' (are you missing an assembly reference?) [E:\┘à╪¿╪º╪»╪▒┘ç\SmartEyeClinic\SmartEyeClinic.csproj]
E:\┘à╪¿╪º╪»╪▒┘ç\SmartEyeClinic\SmartEyeClinic.Web\Controllers\MedicineController.cs(1,17): error CS0234: The type or namespace name 'AspNetCore' does not exist in the namespace 'Microsoft' (are you missing an assembly reference?) [E:\┘à╪¿╪º╪»╪▒┘ç\SmartEyeClinic\SmartEyeClinic.csproj]
E:\┘à╪¿╪º╪»╪▒┘ç\SmartEyeClinic\SmartEyeClinic.Web\Controllers\PatientController.cs(1,17): error CS0234: The type or namespace name 'AspNetCore' does not exist in the namespace 'Microsoft' (are you missing an assembly reference?) [E:\┘à╪¿╪º╪»╪▒┘ç\SmartEyeClinic\SmartEyeClinic.csproj]
E:\┘à╪¿╪º╪»╪▒┘ç\SmartEyeClinic\SmartEyeClinic.Web\Controllers\PaymentController.cs(1,17): error CS0234: The type or namespace name 'AspNetCore' does not exist in the namespace 'Microsoft' (are you missing an assembly reference?) [E:\┘à╪¿╪º╪»╪▒┘ç\SmartEyeClinic\SmartEyeClinic.csproj]
E:\┘à╪¿╪º╪»╪▒┘ç\SmartEyeClinic\SmartEyeClinic.Web\Controllers\PrescriptionController.cs(1,17): error CS0234: The type or namespace name 'AspNetCore' does not exist in the namespace 'Microsoft' (are you missing an assembly reference?) [E:\┘à╪¿╪º╪»╪▒┘ç\SmartEyeClinic\SmartEyeClinic.csproj]
E:\┘à╪¿╪º╪»╪▒┘ç\SmartEyeClinic\SmartEyeClinic.Web\obj\Debug\net10.0\SmartEyeClinic.Web.GlobalUsings.g.cs(2,24): error CS0234: The type or namespace name 'AspNetCore' does not exist in the namespace 'Microsoft' (are you missing an assembly reference?) [E:\┘à╪¿╪º╪»╪▒┘ç\SmartEyeClinic\SmartEyeClinic.csproj]
E:\┘à╪¿╪º╪»╪▒┘ç\SmartEyeClinic\SmartEyeClinic.Web\obj\Debug\net10.0\SmartEyeClinic.Web.GlobalUsings.g.cs(3,24): error CS0234: The type or namespace name 'AspNetCore' does not exist in the namespace 'Microsoft' (are you missing an assembly reference?) [E:\┘à╪¿╪º╪»╪▒┘ç\SmartEyeClinic\SmartEyeClinic.csproj]
E:\┘à╪¿╪º╪»╪▒┘ç\SmartEyeClinic\SmartEyeClinic.Web\obj\Debug\net10.0\SmartEyeClinic.Web.GlobalUsings.g.cs(4,24): error CS0234: The type or namespace name 'AspNetCore' does not exist in the namespace 'Microsoft' (are you missing an assembly reference?) [E:\┘à╪¿╪º╪»╪▒┘ç\SmartEyeClinic\SmartEyeClinic.csproj]
E:\┘à╪¿╪º╪»╪▒┘ç\SmartEyeClinic\SmartEyeClinic.Web\obj\Debug\net10.0\SmartEyeClinic.Web.GlobalUsings.g.cs(5,24): error CS0234: The type or namespace name 'AspNetCore' does not exist in the namespace 'Microsoft' (are you missing an assembly reference?) [E:\┘à╪¿╪º╪»╪▒┘ç\SmartEyeClinic\SmartEyeClinic.csproj]
E:\┘à╪¿╪º╪»╪▒┘ç\SmartEyeClinic\SmartEyeClinic.Web\obj\Debug\net10.0\SmartEyeClinic.Web.GlobalUsings.g.cs(8,35): error CS0234: The type or namespace name 'Hosting' does not exist in the namespace 'Microsoft.Extensions' (are you missing an assembly reference?) [E:\┘à╪¿╪º╪»╪▒┘ç\SmartEyeClinic\SmartEyeClinic.csproj]
E:\┘à╪¿╪º╪»╪▒┘ç\SmartEyeClinic\SmartEyeClinic.Web\Data\AppDbContext.cs(10,18): error CS0101: The namespace 'SmartEyeClinic.Data' already contains a definition for 'AppDbContext' [E:\┘à╪¿╪º╪»╪▒┘ç\SmartEyeClinic\SmartEyeClinic.csproj]
E:\┘à╪¿╪º╪»╪▒┘ç\SmartEyeClinic\SmartEyeClinic.Web\Models\Appointment.cs(8,18): error CS0101: The namespace 'SmartEyeClinic.Models' already contains a definition for 'Appointment' [E:\┘à╪¿╪º╪»╪▒┘ç\SmartEyeClinic\SmartEyeClinic.csproj]
E:\┘à╪¿╪º╪»╪▒┘ç\SmartEyeClinic\SmartEyeClinic.Web\Models\AuditLog.cs(7,18): error CS0101: The namespace 'SmartEyeClinic.Models' already contains a definition for 'AuditLog' [E:\┘à╪¿╪º╪»╪▒┘ç\SmartEyeClinic\SmartEyeClinic.csproj]
E:\┘à╪¿╪º╪»╪▒┘ç\SmartEyeClinic\SmartEyeClinic.Web\Models\Branch.cs(7,18): error CS0101: The namespace 'SmartEyeClinic.Models' already contains a definition for 'Branch' [E:\┘à╪¿╪º╪»╪▒┘ç\SmartEyeClinic\SmartEyeClinic.csproj]
E:\┘à╪¿╪º╪»╪▒┘ç\SmartEyeClinic\SmartEyeClinic.Web\Models\Doctor.cs(7,18): error CS0101: The namespace 'SmartEyeClinic.Models' already contains a definition for 'Doctor' [E:\┘à╪¿╪º╪»╪▒┘ç\SmartEyeClinic\SmartEyeClinic.csproj]
E:\┘à╪¿╪º╪»╪▒┘ç\SmartEyeClinic\SmartEyeClinic.Web\Models\DoctorBranch.cs(5,18): error CS0101: The namespace 'SmartEyeClinic.Models' already contains a definition for 'DoctorBranch' [E:\┘à╪¿╪º╪»╪▒┘ç\SmartEyeClinic\SmartEyeClinic.csproj]
E:\┘à╪¿╪º╪»╪▒┘ç\SmartEyeClinic\SmartEyeClinic.Web\Models\DoctorReview.cs(7,18): error CS0101: The namespace 'SmartEyeClinic.Models' already contains a definition for 'DoctorReview' [E:\┘à╪¿╪º╪»╪▒┘ç\SmartEyeClinic\SmartEyeClinic.csproj]
E:\┘à╪¿╪º╪»╪▒┘ç\SmartEyeClinic\SmartEyeClinic.Web\Models\DoctorSchedule.cs(7,18): error CS0101: The namespace 'SmartEyeClinic.Models' already contains a definition for 'DoctorSchedule' [E:\┘à╪¿╪º╪»╪▒┘ç\SmartEyeClinic\SmartEyeClinic.csproj]
E:\┘à╪¿╪º╪»╪▒┘ç\SmartEyeClinic\SmartEyeClinic.Web\Models\Examination.cs(7,18): error CS0101: The namespace 'SmartEyeClinic.Models' already contains a definition for 'Examination' [E:\┘à╪¿╪º╪»╪▒┘ç\SmartEyeClinic\SmartEyeClinic.csproj]
E:\┘à╪¿╪º╪»╪▒┘ç\SmartEyeClinic\SmartEyeClinic.Web\Models\InsuranceCompany.cs(7,18): error CS0101: The namespace 'SmartEyeClinic.Models' already contains a definition for 'InsuranceCompany' [E:\┘à╪¿╪º╪»╪▒┘ç\SmartEyeClinic\SmartEyeClinic.csproj]
E:\┘à╪¿╪º╪»╪▒┘ç\SmartEyeClinic\SmartEyeClinic.Web\Models\Invoice.cs(8,18): error CS0101: The namespace 'SmartEyeClinic.Models' already contains a definition for 'Invoice' [E:\┘à╪¿╪º╪»╪▒┘ç\SmartEyeClinic\SmartEyeClinic.csproj]
E:\┘à╪¿╪º╪»╪▒┘ç\SmartEyeClinic\SmartEyeClinic.Web\Models\MedicalFile.cs(7,18): error CS0101: The namespace 'SmartEyeClinic.Models' already contains a definition for 'MedicalFile' [E:\┘à╪¿╪º╪»╪▒┘ç\SmartEyeClinic\SmartEyeClinic.csproj]
E:\┘à╪¿╪º╪»╪▒┘ç\SmartEyeClinic\SmartEyeClinic.Web\Models\Medicine.cs(7,18): error CS0101: The namespace 'SmartEyeClinic.Models' already contains a definition for 'Medicine' [E:\┘à╪¿╪º╪»╪▒┘ç\SmartEyeClinic\SmartEyeClinic.csproj]
E:\┘à╪¿╪º╪»╪▒┘ç\SmartEyeClinic\SmartEyeClinic.Web\Models\Notification.cs(7,18): error CS0101: The namespace 'SmartEyeClinic.Models' already contains a definition for 'Notification' [E:\┘à╪¿╪º╪»╪▒┘ç\SmartEyeClinic\SmartEyeClinic.csproj]
E:\┘à╪¿╪º╪»╪▒┘ç\SmartEyeClinic\SmartEyeClinic.Web\Models\Patient.cs(8,18): error CS0101: The namespace 'SmartEyeClinic.Models' already contains a definition for 'Patient' [E:\┘à╪¿╪º╪»╪▒┘ç\SmartEyeClinic\SmartEyeClinic.csproj]
E:\┘à╪¿╪º╪»╪▒┘ç\SmartEyeClinic\SmartEyeClinic.Web\Models\PatientHistory.cs(7,18): error CS0101: The namespace 'SmartEyeClinic.Models' already contains a definition for 'PatientHistory' [E:\┘à╪¿╪º╪»╪▒┘ç\SmartEyeClinic\SmartEyeClinic.csproj]
E:\┘à╪¿╪º╪»╪▒┘ç\SmartEyeClinic\SmartEyeClinic.Web\Models\PatientInsurance.cs(7,18): error CS0101: The namespace 'SmartEyeClinic.Models' already contains a definition for 'PatientInsurance' [E:\┘à╪¿╪º╪»╪▒┘ç\SmartEyeClinic\SmartEyeClinic.csproj]
E:\┘à╪¿╪º╪»╪▒┘ç\SmartEyeClinic\SmartEyeClinic.Web\Models\Payment.cs(7,18): error CS0101: The namespace 'SmartEyeClinic.Models' already contains a definition for 'Payment' [E:\┘à╪¿╪º╪»╪▒┘ç\SmartEyeClinic\SmartEyeClinic.csproj]
E:\┘à╪¿╪º╪»╪▒┘ç\SmartEyeClinic\SmartEyeClinic.Web\Models\PaymentMethod.cs(7,18): error CS0101: The namespace 'SmartEyeClinic.Models' already contains a definition for 'PaymentMethod' [E:\┘à╪¿╪º╪»╪▒┘ç\SmartEyeClinic\SmartEyeClinic.csproj]
E:\┘à╪¿╪º╪»╪▒┘ç\SmartEyeClinic\SmartEyeClinic.Web\Models\PrescriptionHeader.cs(8,18): error CS0101: The namespace 'SmartEyeClinic.Models' already contains a definition for 'PrescriptionHeader' [E:\┘à╪¿╪º╪»╪▒┘ç\SmartEyeClinic\SmartEyeClinic.csproj]
E:\┘à╪¿╪º╪»╪▒┘ç\SmartEyeClinic\SmartEyeClinic.Web\Models\PrescriptionItem.cs(5,18): error CS0101: The namespace 'SmartEyeClinic.Models' already contains a definition for 'PrescriptionItem' [E:\┘à╪¿╪º╪»╪▒┘ç\SmartEyeClinic\SmartEyeClinic.csproj]
E:\┘à╪¿╪º╪»╪▒┘ç\SmartEyeClinic\SmartEyeClinic.Web\Models\Queue.cs(7,18): error CS0101: The namespace 'SmartEyeClinic.Models' already contains a definition for 'Queue' [E:\┘à╪¿╪º╪»╪▒┘ç\SmartEyeClinic\SmartEyeClinic.csproj]
E:\┘à╪¿╪º╪»╪▒┘ç\SmartEyeClinic\SmartEyeClinic.Web\Models\Receptionist.cs(8,18): error CS0101: The namespace 'SmartEyeClinic.Models' already contains a definition for 'Receptionist' [E:\┘à╪¿╪º╪»╪▒┘ç\SmartEyeClinic\SmartEyeClinic.csproj]
E:\┘à╪¿╪º╪»╪▒┘ç\SmartEyeClinic\SmartEyeClinic.Web\Models\Role.cs(7,18): error CS0101: The namespace 'SmartEyeClinic.Models' already contains a definition for 'Role' [E:\┘à╪¿╪º╪»╪▒┘ç\SmartEyeClinic\SmartEyeClinic.csproj]
E:\┘à╪¿╪º╪»╪▒┘ç\SmartEyeClinic\SmartEyeClinic.Web\Models\Specialization.cs(7,18): error CS0101: The namespace 'SmartEyeClinic.Models' already contains a definition for 'Specialization' [E:\┘à╪¿╪º╪»╪▒┘ç\SmartEyeClinic\SmartEyeClinic.csproj]
E:\┘à╪¿╪º╪»╪▒┘ç\SmartEyeClinic\SmartEyeClinic.Web\Models\Surgery.cs(7,18): error CS0101: The namespace 'SmartEyeClinic.Models' already contains a definition for 'Surgery' [E:\┘à╪¿╪º╪»╪▒┘ç\SmartEyeClinic\SmartEyeClinic.csproj]
E:\┘à╪¿╪º╪»╪▒┘ç\SmartEyeClinic\SmartEyeClinic.Web\Models\SurgeryType.cs(7,18): error CS0101: The namespace 'SmartEyeClinic.Models' already contains a definition for 'SurgeryType' [E:\┘à╪¿╪º╪»╪▒┘ç\SmartEyeClinic\SmartEyeClinic.csproj]
E:\┘à╪¿╪º╪»╪▒┘ç\SmartEyeClinic\SmartEyeClinic.Web\Models\User.cs(8,18): error CS0101: The namespace 'SmartEyeClinic.Models' already contains a definition for 'User' [E:\┘à╪¿╪º╪»╪▒┘ç\SmartEyeClinic\SmartEyeClinic.csproj]
E:\┘à╪¿╪º╪»╪▒┘ç\SmartEyeClinic\SmartEyeClinic.Web\Data\Configurations\AppointmentConfiguration.cs(10,18): error CS0101: The namespace 'SmartEyeClinic.Data.Configurations' already contains a definition for 'AppointmentConfiguration' [E:\┘à╪¿╪º╪»╪▒┘ç\SmartEyeClinic\SmartEyeClinic.csproj]
E:\┘à╪¿╪º╪»╪▒┘ç\SmartEyeClinic\SmartEyeClinic.Web\Data\Configurations\AuditLogConfiguration.cs(10,18): error CS0101: The namespace 'SmartEyeClinic.Data.Configurations' already contains a definition for 'AuditLogConfiguration' [E:\┘à╪¿╪º╪»╪▒┘ç\SmartEyeClinic\SmartEyeClinic.csproj]
E:\┘à╪¿╪º╪»╪▒┘ç\SmartEyeClinic\SmartEyeClinic.Web\Data\Configurations\BranchConfiguration.cs(9,18): error CS0101: The namespace 'SmartEyeClinic.Data.Configurations' already contains a definition for 'BranchConfiguration' [E:\┘à╪¿╪º╪»╪▒┘ç\SmartEyeClinic\SmartEyeClinic.csproj]
E:\┘à╪¿╪º╪»╪▒┘ç\SmartEyeClinic\SmartEyeClinic.Web\Data\Configurations\DoctorBranchConfiguration.cs(9,18): error CS0101: The namespace 'SmartEyeClinic.Data.Configurations' already contains a definition for 'DoctorBranchConfiguration' [E:\┘à╪¿╪º╪»╪▒┘ç\SmartEyeClinic\SmartEyeClinic.csproj]
E:\┘à╪¿╪º╪»╪▒┘ç\SmartEyeClinic\SmartEyeClinic.Web\Data\Configurations\DoctorConfiguration.cs(9,18): error CS0101: The namespace 'SmartEyeClinic.Data.Configurations' already contains a definition for 'DoctorConfiguration' [E:\┘à╪¿╪º╪»╪▒┘ç\SmartEyeClinic\SmartEyeClinic.csproj]
E:\┘à╪¿╪º╪»╪▒┘ç\SmartEyeClinic\SmartEyeClinic.Web\Data\Configurations\DoctorReviewConfiguration.cs(10,18): error CS0101: The namespace 'SmartEyeClinic.Data.Configurations' already contains a definition for 'DoctorReviewConfiguration' [E:\┘à╪¿╪º╪»╪▒┘ç\SmartEyeClinic\SmartEyeClinic.csproj]
E:\┘à╪¿╪º╪»╪▒┘ç\SmartEyeClinic\SmartEyeClinic.Web\Data\Configurations\DoctorScheduleConfiguration.cs(9,18): error CS0101: The namespace 'SmartEyeClinic.Data.Configurations' already contains a definition for 'DoctorScheduleConfiguration' [E:\┘à╪¿╪º╪»╪▒┘ç\SmartEyeClinic\SmartEyeClinic.csproj]
E:\┘à╪¿╪º╪»╪▒┘ç\SmartEyeClinic\SmartEyeClinic.Web\Data\Configurations\ExaminationConfiguration.cs(10,18): error CS0101: The namespace 'SmartEyeClinic.Data.Configurations' already contains a definition for 'ExaminationConfiguration' [E:\┘à╪¿╪º╪»╪▒┘ç\SmartEyeClinic\SmartEyeClinic.csproj]
E:\┘à╪¿╪º╪»╪▒┘ç\SmartEyeClinic\SmartEyeClinic.Web\Data\Configurations\InsuranceCompanyConfiguration.cs(9,18): error CS0101: The namespace 'SmartEyeClinic.Data.Configurations' already contains a definition for 'InsuranceCompanyConfiguration' [E:\┘à╪¿╪º╪»╪▒┘ç\SmartEyeClinic\SmartEyeClinic.csproj]
E:\┘à╪¿╪º╪»╪▒┘ç\SmartEyeClinic\SmartEyeClinic.Web\Data\Configurations\InvoiceConfiguration.cs(10,18): error CS0101: The namespace 'SmartEyeClinic.Data.Configurations' already contains a definition for 'InvoiceConfiguration' [E:\┘à╪¿╪º╪»╪▒┘ç\SmartEyeClinic\SmartEyeClinic.csproj]
E:\┘à╪¿╪º╪»╪▒┘ç\SmartEyeClinic\SmartEyeClinic.Web\Data\Configurations\MedicalFileConfiguration.cs(10,18): error CS0101: The namespace 'SmartEyeClinic.Data.Configurations' already contains a definition for 'MedicalFileConfiguration' [E:\┘à╪¿╪º╪»╪▒┘ç\SmartEyeClinic\SmartEyeClinic.csproj]
E:\┘à╪¿╪º╪»╪▒┘ç\SmartEyeClinic\SmartEyeClinic.Web\Data\Configurations\MedicineConfiguration.cs(9,18): error CS0101: The namespace 'SmartEyeClinic.Data.Configurations' already contains a definition for 'MedicineConfiguration' [E:\┘à╪¿╪º╪»╪▒┘ç\SmartEyeClinic\SmartEyeClinic.csproj]
E:\┘à╪¿╪º╪»╪▒┘ç\SmartEyeClinic\SmartEyeClinic.Web\Data\Configurations\NotificationConfiguration.cs(10,18): error CS0101: The namespace 'SmartEyeClinic.Data.Configurations' already contains a definition for 'NotificationConfiguration' [E:\┘à╪¿╪º╪»╪▒┘ç\SmartEyeClinic\SmartEyeClinic.csproj]
E:\┘à╪¿╪º╪»╪▒┘ç\SmartEyeClinic\SmartEyeClinic.Web\Data\Configurations\PatientConfiguration.cs(9,18): error CS0101: The namespace 'SmartEyeClinic.Data.Configurations' already contains a definition for 'PatientConfiguration' [E:\┘à╪¿╪º╪»╪▒┘ç\SmartEyeClinic\SmartEyeClinic.csproj]
E:\┘à╪¿╪º╪»╪▒┘ç\SmartEyeClinic\SmartEyeClinic.Web\Data\Configurations\PatientHistoryConfiguration.cs(9,18): error CS0101: The namespace 'SmartEyeClinic.Data.Configurations' already contains a definition for 'PatientHistoryConfiguration' [E:\┘à╪¿╪º╪»╪▒┘ç\SmartEyeClinic\SmartEyeClinic.csproj]
E:\┘à╪¿╪º╪»╪▒┘ç\SmartEyeClinic\SmartEyeClinic.Web\Data\Configurations\PatientInsuranceConfiguration.cs(10,18): error CS0101: The namespace 'SmartEyeClinic.Data.Configurations' already contains a definition for 'PatientInsuranceConfiguration' [E:\┘à╪¿╪º╪»╪▒┘ç\SmartEyeClinic\SmartEyeClinic.csproj]
E:\┘à╪¿╪º╪»╪▒┘ç\SmartEyeClinic\SmartEyeClinic.Web\Data\Configurations\PaymentConfiguration.cs(10,18): error CS0101: The namespace 'SmartEyeClinic.Data.Configurations' already contains a definition for 'PaymentConfiguration' [E:\┘à╪¿╪º╪»╪▒┘ç\SmartEyeClinic\SmartEyeClinic.csproj]
E:\┘à╪¿╪º╪»╪▒┘ç\SmartEyeClinic\SmartEyeClinic.Web\Data\Configurations\PaymentMethodConfiguration.cs(9,18): error CS0101: The namespace 'SmartEyeClinic.Data.Configurations' already contains a definition for 'PaymentMethodConfiguration' [E:\┘à╪¿╪º╪»╪▒┘ç\SmartEyeClinic\SmartEyeClinic.csproj]
E:\┘à╪¿╪º╪»╪▒┘ç\SmartEyeClinic\SmartEyeClinic.Web\Data\Configurations\PrescriptionHeaderConfiguration.cs(10,18): error CS0101: The namespace 'SmartEyeClinic.Data.Configurations' already contains a definition for 'PrescriptionHeaderConfiguration' [E:\┘à╪¿╪º╪»╪▒┘ç\SmartEyeClinic\SmartEyeClinic.csproj]
E:\┘à╪¿╪º╪»╪▒┘ç\SmartEyeClinic\SmartEyeClinic.Web\Data\Configurations\PrescriptionItemConfiguration.cs(9,18): error CS0101: The namespace 'SmartEyeClinic.Data.Configurations' already contains a definition for 'PrescriptionItemConfiguration' [E:\┘à╪¿╪º╪»╪▒┘ç\SmartEyeClinic\SmartEyeClinic.csproj]
E:\┘à╪¿╪º╪»╪▒┘ç\SmartEyeClinic\SmartEyeClinic.Web\Data\Configurations\QueueConfiguration.cs(10,18): error CS0101: The namespace 'SmartEyeClinic.Data.Configurations' already contains a definition for 'QueueConfiguration' [E:\┘à╪¿╪º╪»╪▒┘ç\SmartEyeClinic\SmartEyeClinic.csproj]
E:\┘à╪¿╪º╪»╪▒┘ç\SmartEyeClinic\SmartEyeClinic.Web\Data\Configurations\ReceptionistConfiguration.cs(9,18): error CS0101: The namespace 'SmartEyeClinic.Data.Configurations' already contains a definition for 'ReceptionistConfiguration' [E:\┘à╪¿╪º╪»╪▒┘ç\SmartEyeClinic\SmartEyeClinic.csproj]
E:\┘à╪¿╪º╪»╪▒┘ç\SmartEyeClinic\SmartEyeClinic.Web\Data\Configurations\RoleConfiguration.cs(9,18): error CS0101: The namespace 'SmartEyeClinic.Data.Configurations' already contains a definition for 'RoleConfiguration' [E:\┘à╪¿╪º╪»╪▒┘ç\SmartEyeClinic\SmartEyeClinic.csproj]
E:\┘à╪¿╪º╪»╪▒┘ç\SmartEyeClinic\SmartEyeClinic.Web\Data\Configurations\SpecializationConfiguration.cs(9,18): error CS0101: The namespace 'SmartEyeClinic.Data.Configurations' already contains a definition for 'SpecializationConfiguration' [E:\┘à╪¿╪º╪»╪▒┘ç\SmartEyeClinic\SmartEyeClinic.csproj]
E:\┘à╪¿╪º╪»╪▒┘ç\SmartEyeClinic\SmartEyeClinic.Web\Data\Configurations\SurgeryConfiguration.cs(10,18): error CS0101: The namespace 'SmartEyeClinic.Data.Configurations' already contains a definition for 'SurgeryConfiguration' [E:\┘à╪¿╪º╪»╪▒┘ç\SmartEyeClinic\SmartEyeClinic.csproj]
E:\┘à╪¿╪º╪»╪▒┘ç\SmartEyeClinic\SmartEyeClinic.Web\Data\Configurations\SurgeryTypeConfiguration.cs(9,18): error CS0101: The namespace 'SmartEyeClinic.Data.Configurations' already contains a definition for 'SurgeryTypeConfiguration' [E:\┘à╪¿╪º╪»╪▒┘ç\SmartEyeClinic\SmartEyeClinic.csproj]
E:\┘à╪¿╪º╪»╪▒┘ç\SmartEyeClinic\SmartEyeClinic.Web\Data\Configurations\UserConfiguration.cs(10,18): error CS0101: The namespace 'SmartEyeClinic.Data.Configurations' already contains a definition for 'UserConfiguration' [E:\┘à╪¿╪º╪»╪▒┘ç\SmartEyeClinic\SmartEyeClinic.csproj]
E:\┘à╪¿╪º╪»╪▒┘ç\SmartEyeClinic\SmartEyeClinic.Web\Services\PatientService.cs(7,14): error CS0101: The namespace 'SmartEyeClinic.Web.Services' already contains a definition for 'PatientService' [E:\┘à╪¿╪º╪»╪▒┘ç\SmartEyeClinic\SmartEyeClinic.csproj]
E:\┘à╪¿╪º╪»╪▒┘ç\SmartEyeClinic\SmartEyeClinic.Web\Data\Configurations\BranchConfiguration.cs(11,21): error CS0111: Type 'BranchConfiguration' already defines a member called 'Configure' with the same parameter types [E:\┘à╪¿╪º╪»╪▒┘ç\SmartEyeClinic\SmartEyeClinic.csproj]
E:\┘à╪¿╪º╪»╪▒┘ç\SmartEyeClinic\SmartEyeClinic.Web\Data\Configurations\AppointmentConfiguration.cs(12,21): error CS0111: Type 'AppointmentConfiguration' already defines a member called 'Configure' with the same parameter types [E:\┘à╪¿╪º╪»╪▒┘ç\SmartEyeClinic\SmartEyeClinic.csproj]
E:\┘à╪¿╪º╪»╪▒┘ç\SmartEyeClinic\SmartEyeClinic.Web\Services\PatientService.cs(11,12): error CS0111: Type 'PatientService' already defines a member called 'PatientService' with the same parameter types [E:\┘à╪¿╪º╪»╪▒┘ç\SmartEyeClinic\SmartEyeClinic.csproj]
E:\┘à╪¿╪º╪»╪▒┘ç\SmartEyeClinic\SmartEyeClinic.Web\Services\PatientService.cs(16,26): error CS0111: Type 'PatientService' already defines a member called 'GetAllPatients' with the same parameter types [E:\┘à╪¿╪º╪»╪▒┘ç\SmartEyeClinic\SmartEyeClinic.csproj]
E:\┘à╪¿╪º╪»╪▒┘ç\SmartEyeClinic\SmartEyeClinic.Web\Services\PatientService.cs(23,17): error CS0111: Type 'PatientService' already defines a member called 'AddPatient' with the same parameter types [E:\┘à╪¿╪º╪»╪▒┘ç\SmartEyeClinic\SmartEyeClinic.csproj]
E:\┘à╪¿╪º╪»╪▒┘ç\SmartEyeClinic\SmartEyeClinic.Web\Data\Configurations\DoctorBranchConfiguration.cs(11,21): error CS0111: Type 'DoctorBranchConfiguration' already defines a member called 'Configure' with the same parameter types [E:\┘à╪¿╪º╪»╪▒┘ç\SmartEyeClinic\SmartEyeClinic.csproj]
E:\┘à╪¿╪º╪»╪▒┘ç\SmartEyeClinic\SmartEyeClinic.Web\Data\Configurations\AuditLogConfiguration.cs(12,21): error CS0111: Type 'AuditLogConfiguration' already defines a member called 'Configure' with the same parameter types [E:\┘à╪¿╪º╪»╪▒┘ç\SmartEyeClinic\SmartEyeClinic.csproj]
E:\┘à╪¿╪º╪»╪▒┘ç\SmartEyeClinic\SmartEyeClinic.Web\Data\Configurations\DoctorConfiguration.cs(11,21): error CS0111: Type 'DoctorConfiguration' already defines a member called 'Configure' with the same parameter types [E:\┘à╪¿╪º╪»╪▒┘ç\SmartEyeClinic\SmartEyeClinic.csproj]
E:\┘à╪¿╪º╪»╪▒┘ç\SmartEyeClinic\SmartEyeClinic.Web\Data\Configurations\DoctorReviewConfiguration.cs(12,21): error CS0111: Type 'DoctorReviewConfiguration' already defines a member called 'Configure' with the same parameter types [E:\┘à╪¿╪º╪»╪▒┘ç\SmartEyeClinic\SmartEyeClinic.csproj]
E:\┘à╪¿╪º╪»╪▒┘ç\SmartEyeClinic\SmartEyeClinic.Web\Data\Configurations\DoctorScheduleConfiguration.cs(11,21): error CS0111: Type 'DoctorScheduleConfiguration' already defines a member called 'Configure' with the same parameter types [E:\┘à╪¿╪º╪»╪▒┘ç\SmartEyeClinic\SmartEyeClinic.csproj]
E:\┘à╪¿╪º╪»╪▒┘ç\SmartEyeClinic\SmartEyeClinic.Web\Data\Configurations\InsuranceCompanyConfiguration.cs(11,21): error CS0111: Type 'InsuranceCompanyConfiguration' already defines a member called 'Configure' with the same parameter types [E:\┘à╪¿╪º╪»╪▒┘ç\SmartEyeClinic\SmartEyeClinic.csproj]
E:\┘à╪¿╪º╪»╪▒┘ç\SmartEyeClinic\SmartEyeClinic.Web\Data\Configurations\ExaminationConfiguration.cs(12,21): error CS0111: Type 'ExaminationConfiguration' already defines a member called 'Configure' with the same parameter types [E:\┘à╪¿╪º╪»╪▒┘ç\SmartEyeClinic\SmartEyeClinic.csproj]
E:\┘à╪¿╪º╪»╪▒┘ç\SmartEyeClinic\SmartEyeClinic.Web\Data\Configurations\InvoiceConfiguration.cs(12,21): error CS0111: Type 'InvoiceConfiguration' already defines a member called 'Configure' with the same parameter types [E:\┘à╪¿╪º╪»╪▒┘ç\SmartEyeClinic\SmartEyeClinic.csproj]
E:\┘à╪¿╪º╪»╪▒┘ç\SmartEyeClinic\SmartEyeClinic.Web\Data\Configurations\MedicalFileConfiguration.cs(12,21): error CS0111: Type 'MedicalFileConfiguration' already defines a member called 'Configure' with the same parameter types [E:\┘à╪¿╪º╪»╪▒┘ç\SmartEyeClinic\SmartEyeClinic.csproj]
E:\┘à╪¿╪º╪»╪▒┘ç\SmartEyeClinic\SmartEyeClinic.Web\Data\Configurations\PatientHistoryConfiguration.cs(11,21): error CS0111: Type 'PatientHistoryConfiguration' already defines a member called 'Configure' with the same parameter types [E:\┘à╪¿╪º╪»╪▒┘ç\SmartEyeClinic\SmartEyeClinic.csproj]
E:\┘à╪¿╪º╪»╪▒┘ç\SmartEyeClinic\SmartEyeClinic.Web\Data\Configurations\MedicineConfiguration.cs(11,21): error CS0111: Type 'MedicineConfiguration' already defines a member called 'Configure' with the same parameter types [E:\┘à╪¿╪º╪»╪▒┘ç\SmartEyeClinic\SmartEyeClinic.csproj]
E:\┘à╪¿╪º╪»╪▒┘ç\SmartEyeClinic\SmartEyeClinic.Web\Data\Configurations\NotificationConfiguration.cs(12,21): error CS0111: Type 'NotificationConfiguration' already defines a member called 'Configure' with the same parameter types [E:\┘à╪¿╪º╪»╪▒┘ç\SmartEyeClinic\SmartEyeClinic.csproj]
E:\┘à╪¿╪º╪»╪▒┘ç\SmartEyeClinic\SmartEyeClinic.Web\Data\Configurations\PatientInsuranceConfiguration.cs(12,21): error CS0111: Type 'PatientInsuranceConfiguration' already defines a member called 'Configure' with the same parameter types [E:\┘à╪¿╪º╪»╪▒┘ç\SmartEyeClinic\SmartEyeClinic.csproj]
E:\┘à╪¿╪º╪»╪▒┘ç\SmartEyeClinic\SmartEyeClinic.Web\Data\Configurations\PatientConfiguration.cs(11,21): error CS0111: Type 'PatientConfiguration' already defines a member called 'Configure' with the same parameter types [E:\┘à╪¿╪º╪»╪▒┘ç\SmartEyeClinic\SmartEyeClinic.csproj]
E:\┘à╪¿╪º╪»╪▒┘ç\SmartEyeClinic\SmartEyeClinic.Web\Data\Configurations\PaymentConfiguration.cs(12,21): error CS0111: Type 'PaymentConfiguration' already defines a member called 'Configure' with the same parameter types [E:\┘à╪¿╪º╪»╪▒┘ç\SmartEyeClinic\SmartEyeClinic.csproj]
E:\┘à╪¿╪º╪»╪▒┘ç\SmartEyeClinic\SmartEyeClinic.Web\Data\Configurations\QueueConfiguration.cs(12,21): error CS0111: Type 'QueueConfiguration' already defines a member called 'Configure' with the same parameter types [E:\┘à╪¿╪º╪»╪▒┘ç\SmartEyeClinic\SmartEyeClinic.csproj]
E:\┘à╪¿╪º╪»╪▒┘ç\SmartEyeClinic\SmartEyeClinic.Web\Data\Configurations\PrescriptionHeaderConfiguration.cs(12,21): error CS0111: Type 'PrescriptionHeaderConfiguration' already defines a member called 'Configure' with the same parameter types [E:\┘à╪¿╪º╪»╪▒┘ç\SmartEyeClinic\SmartEyeClinic.csproj]
E:\┘à╪¿╪º╪»╪▒┘ç\SmartEyeClinic\SmartEyeClinic.Web\Data\Configurations\PaymentMethodConfiguration.cs(11,21): error CS0111: Type 'PaymentMethodConfiguration' already defines a member called 'Configure' with the same parameter types [E:\┘à╪¿╪º╪»╪▒┘ç\SmartEyeClinic\SmartEyeClinic.csproj]
E:\┘à╪¿╪º╪»╪▒┘ç\SmartEyeClinic\SmartEyeClinic.Web\Data\Configurations\PrescriptionItemConfiguration.cs(11,21): error CS0111: Type 'PrescriptionItemConfiguration' already defines a member called 'Configure' with the same parameter types [E:\┘à╪¿╪º╪»╪▒┘ç\SmartEyeClinic\SmartEyeClinic.csproj]
E:\┘à╪¿╪º╪»╪▒┘ç\SmartEyeClinic\SmartEyeClinic.Web\Data\Configurations\ReceptionistConfiguration.cs(11,21): error CS0111: Type 'ReceptionistConfiguration' already defines a member called 'Configure' with the same parameter types [E:\┘à╪¿╪º╪»╪▒┘ç\SmartEyeClinic\SmartEyeClinic.csproj]
E:\┘à╪¿╪º╪»╪▒┘ç\SmartEyeClinic\SmartEyeClinic.Web\Data\Configurations\RoleConfiguration.cs(11,21): error CS0111: Type 'RoleConfiguration' already defines a member called 'Configure' with the same parameter types [E:\┘à╪¿╪º╪»╪▒┘ç\SmartEyeClinic\SmartEyeClinic.csproj]
E:\┘à╪¿╪º╪»╪▒┘ç\SmartEyeClinic\SmartEyeClinic.Web\Data\AppDbContext.cs(12,16): error CS0111: Type 'AppDbContext' already defines a member called 'AppDbContext' with the same parameter types [E:\┘à╪¿╪º╪»╪▒┘ç\SmartEyeClinic\SmartEyeClinic.csproj]
E:\┘à╪¿╪º╪»╪▒┘ç\SmartEyeClinic\SmartEyeClinic.Web\Data\AppDbContext.cs(16,16): error CS0111: Type 'AppDbContext' already defines a member called 'AppDbContext' with the same parameter types [E:\┘à╪¿╪º╪»╪▒┘ç\SmartEyeClinic\SmartEyeClinic.csproj]
E:\┘à╪¿╪º╪»╪▒┘ç\SmartEyeClinic\SmartEyeClinic.Web\Data\AppDbContext.cs(49,33): error CS0111: Type 'AppDbContext' already defines a member called 'OnConfiguring' with the same parameter types [E:\┘à╪¿╪º╪»╪▒┘ç\SmartEyeClinic\SmartEyeClinic.csproj]
E:\┘à╪¿╪º╪»╪▒┘ç\SmartEyeClinic\SmartEyeClinic.Web\Data\AppDbContext.cs(66,33): error CS0111: Type 'AppDbContext' already defines a member called 'OnModelCreating' with the same parameter types [E:\┘à╪¿╪º╪»╪▒┘ç\SmartEyeClinic\SmartEyeClinic.csproj]
E:\┘à╪¿╪º╪»╪▒┘ç\SmartEyeClinic\SmartEyeClinic.Web\Data\Configurations\UserConfiguration.cs(12,21): error CS0111: Type 'UserConfiguration' already defines a member called 'Configure' with the same parameter types [E:\┘à╪¿╪º╪»╪▒┘ç\SmartEyeClinic\SmartEyeClinic.csproj]
E:\┘à╪¿╪º╪»╪▒┘ç\SmartEyeClinic\SmartEyeClinic.Web\Data\Configurations\SurgeryConfiguration.cs(12,21): error CS0111: Type 'SurgeryConfiguration' already defines a member called 'Configure' with the same parameter types [E:\┘à╪¿╪º╪»╪▒┘ç\SmartEyeClinic\SmartEyeClinic.csproj]
E:\┘à╪¿╪º╪»╪▒┘ç\SmartEyeClinic\SmartEyeClinic.Web\Controllers\AppointmentController.cs(6,38): error CS0246: The type or namespace name 'Controller' could not be found (are you missing a using directive or an assembly reference?) [E:\┘à╪¿╪º╪»╪▒┘ç\SmartEyeClinic\SmartEyeClinic.csproj]
E:\┘à╪¿╪º╪»╪▒┘ç\SmartEyeClinic\SmartEyeClinic.Web\Data\Configurations\SpecializationConfiguration.cs(11,21): error CS0111: Type 'SpecializationConfiguration' already defines a member called 'Configure' with the same parameter types [E:\┘à╪¿╪º╪»╪▒┘ç\SmartEyeClinic\SmartEyeClinic.csproj]
E:\┘à╪¿╪º╪»╪▒┘ç\SmartEyeClinic\SmartEyeClinic.Web\Data\Configurations\SurgeryTypeConfiguration.cs(11,21): error CS0111: Type 'SurgeryTypeConfiguration' already defines a member called 'Configure' with the same parameter types [E:\┘à╪¿╪º╪»╪▒┘ç\SmartEyeClinic\SmartEyeClinic.csproj]
E:\┘à╪¿╪º╪»╪▒┘ç\SmartEyeClinic\SmartEyeClinic.Web\Controllers\DoctorController.cs(6,33): error CS0246: The type or namespace name 'Controller' could not be found (are you missing a using directive or an assembly reference?) [E:\┘à╪¿╪º╪»╪▒┘ç\SmartEyeClinic\SmartEyeClinic.csproj]
E:\┘à╪¿╪º╪»╪▒┘ç\SmartEyeClinic\SmartEyeClinic.Web\Controllers\ExaminationController.cs(6,38): error CS0246: The type or namespace name 'Controller' could not be found (are you missing a using directive or an assembly reference?) [E:\┘à╪¿╪º╪»╪▒┘ç\SmartEyeClinic\SmartEyeClinic.csproj]
E:\┘à╪¿╪º╪»╪▒┘ç\SmartEyeClinic\SmartEyeClinic.Web\Controllers\AppointmentController.cs(15,12): error CS0246: The type or namespace name 'IActionResult' could not be found (are you missing a using directive or an assembly reference?) [E:\┘à╪¿╪º╪»╪▒┘ç\SmartEyeClinic\SmartEyeClinic.csproj]
E:\┘à╪¿╪º╪»╪▒┘ç\SmartEyeClinic\SmartEyeClinic.Web\Controllers\HomeController.cs(7,31): error CS0246: The type or namespace name 'Controller' could not be found (are you missing a using directive or an assembly reference?) [E:\┘à╪¿╪º╪»╪▒┘ç\SmartEyeClinic\SmartEyeClinic.csproj]
E:\┘à╪¿╪º╪»╪▒┘ç\SmartEyeClinic\SmartEyeClinic.Web\Controllers\AppointmentController.cs(22,12): error CS0246: The type or namespace name 'IActionResult' could not be found (are you missing a using directive or an assembly reference?) [E:\┘à╪¿╪º╪»╪▒┘ç\SmartEyeClinic\SmartEyeClinic.csproj]
E:\┘à╪¿╪º╪»╪▒┘ç\SmartEyeClinic\SmartEyeClinic.Web\Controllers\InvoiceController.cs(6,34): error CS0246: The type or namespace name 'Controller' could not be found (are you missing a using directive or an assembly reference?) [E:\┘à╪¿╪º╪»╪▒┘ç\SmartEyeClinic\SmartEyeClinic.csproj]
E:\┘à╪¿╪º╪»╪▒┘ç\SmartEyeClinic\SmartEyeClinic.Web\Controllers\HomeController.cs(9,12): error CS0246: The type or namespace name 'IActionResult' could not be found (are you missing a using directive or an assembly reference?) [E:\┘à╪¿╪º╪»╪▒┘ç\SmartEyeClinic\SmartEyeClinic.csproj]
E:\┘à╪¿╪º╪»╪▒┘ç\SmartEyeClinic\SmartEyeClinic.Web\Controllers\ExaminationController.cs(15,12): error CS0246: The type or namespace name 'IActionResult' could not be found (are you missing a using directive or an assembly reference?) [E:\┘à╪¿╪º╪»╪▒┘ç\SmartEyeClinic\SmartEyeClinic.csproj]
E:\┘à╪¿╪º╪»╪▒┘ç\SmartEyeClinic\SmartEyeClinic.Web\Controllers\DoctorController.cs(15,12): error CS0246: The type or namespace name 'IActionResult' could not be found (are you missing a using directive or an assembly reference?) [E:\┘à╪¿╪º╪»╪▒┘ç\SmartEyeClinic\SmartEyeClinic.csproj]
E:\┘à╪¿╪º╪»╪▒┘ç\SmartEyeClinic\SmartEyeClinic.Web\Controllers\MedicineController.cs(6,35): error CS0246: The type or namespace name 'Controller' could not be found (are you missing a using directive or an assembly reference?) [E:\┘à╪¿╪º╪»╪▒┘ç\SmartEyeClinic\SmartEyeClinic.csproj]
E:\┘à╪¿╪º╪»╪▒┘ç\SmartEyeClinic\SmartEyeClinic.Web\Controllers\AppointmentController.cs(29,12): error CS0246: The type or namespace name 'IActionResult' could not be found (are you missing a using directive or an assembly reference?) [E:\┘à╪¿╪º╪»╪▒┘ç\SmartEyeClinic\SmartEyeClinic.csproj]
E:\┘à╪¿╪º╪»╪▒┘ç\SmartEyeClinic\SmartEyeClinic.Web\Controllers\ExaminationController.cs(22,12): error CS0246: The type or namespace name 'IActionResult' could not be found (are you missing a using directive or an assembly reference?) [E:\┘à╪¿╪º╪»╪▒┘ç\SmartEyeClinic\SmartEyeClinic.csproj]
E:\┘à╪¿╪º╪»╪▒┘ç\SmartEyeClinic\SmartEyeClinic.Web\Controllers\HomeController.cs(14,12): error CS0246: The type or namespace name 'IActionResult' could not be found (are you missing a using directive or an assembly reference?) [E:\┘à╪¿╪º╪»╪▒┘ç\SmartEyeClinic\SmartEyeClinic.csproj]
E:\┘à╪¿╪º╪»╪▒┘ç\SmartEyeClinic\SmartEyeClinic.Web\Controllers\DoctorController.cs(22,12): error CS0246: The type or namespace name 'IActionResult' could not be found (are you missing a using directive or an assembly reference?) [E:\┘à╪¿╪º╪»╪▒┘ç\SmartEyeClinic\SmartEyeClinic.csproj]
E:\┘à╪¿╪º╪»╪▒┘ç\SmartEyeClinic\SmartEyeClinic.Web\Controllers\InvoiceController.cs(15,12): error CS0246: The type or namespace name 'IActionResult' could not be found (are you missing a using directive or an assembly reference?) [E:\┘à╪¿╪º╪»╪▒┘ç\SmartEyeClinic\SmartEyeClinic.csproj]
E:\┘à╪¿╪º╪»╪▒┘ç\SmartEyeClinic\SmartEyeClinic.Web\Controllers\MedicineController.cs(15,12): error CS0246: The type or namespace name 'IActionResult' could not be found (are you missing a using directive or an assembly reference?) [E:\┘à╪¿╪º╪»╪▒┘ç\SmartEyeClinic\SmartEyeClinic.csproj]
E:\┘à╪¿╪º╪»╪▒┘ç\SmartEyeClinic\SmartEyeClinic.Web\Controllers\PrescriptionController.cs(6,39): error CS0246: The type or namespace name 'Controller' could not be found (are you missing a using directive or an assembly reference?) [E:\┘à╪¿╪º╪»╪▒┘ç\SmartEyeClinic\SmartEyeClinic.csproj]
E:\┘à╪¿╪º╪»╪▒┘ç\SmartEyeClinic\SmartEyeClinic.Web\Controllers\PatientController.cs(6,34): error CS0246: The type or namespace name 'Controller' could not be found (are you missing a using directive or an assembly reference?) [E:\┘à╪¿╪º╪»╪▒┘ç\SmartEyeClinic\SmartEyeClinic.csproj]
E:\┘à╪¿╪º╪»╪▒┘ç\SmartEyeClinic\SmartEyeClinic.Web\Controllers\PaymentController.cs(6,34): error CS0246: The type or namespace name 'Controller' could not be found (are you missing a using directive or an assembly reference?) [E:\┘à╪¿╪º╪»╪▒┘ç\SmartEyeClinic\SmartEyeClinic.csproj]
E:\┘à╪¿╪º╪»╪▒┘ç\SmartEyeClinic\SmartEyeClinic.Web\Controllers\ExaminationController.cs(29,12): error CS0246: The type or namespace name 'IActionResult' could not be found (are you missing a using directive or an assembly reference?) [E:\┘à╪¿╪º╪»╪▒┘ç\SmartEyeClinic\SmartEyeClinic.csproj]
E:\┘à╪¿╪º╪»╪▒┘ç\SmartEyeClinic\SmartEyeClinic.Web\Controllers\HomeController.cs(20,12): error CS0246: The type or namespace name 'IActionResult' could not be found (are you missing a using directive or an assembly reference?) [E:\┘à╪¿╪º╪»╪▒┘ç\SmartEyeClinic\SmartEyeClinic.csproj]
E:\┘à╪¿╪º╪»╪▒┘ç\SmartEyeClinic\SmartEyeClinic.Web\Controllers\DoctorController.cs(29,12): error CS0246: The type or namespace name 'IActionResult' could not be found (are you missing a using directive or an assembly reference?) [E:\┘à╪¿╪º╪»╪▒┘ç\SmartEyeClinic\SmartEyeClinic.csproj]
E:\┘à╪¿╪º╪»╪▒┘ç\SmartEyeClinic\SmartEyeClinic.Web\Controllers\InvoiceController.cs(22,12): error CS0246: The type or namespace name 'IActionResult' could not be found (are you missing a using directive or an assembly reference?) [E:\┘à╪¿╪º╪»╪▒┘ç\SmartEyeClinic\SmartEyeClinic.csproj]
E:\┘à╪¿╪º╪»╪▒┘ç\SmartEyeClinic\SmartEyeClinic.Web\Controllers\MedicineController.cs(22,12): error CS0246: The type or namespace name 'IActionResult' could not be found (are you missing a using directive or an assembly reference?) [E:\┘à╪¿╪º╪»╪▒┘ç\SmartEyeClinic\SmartEyeClinic.csproj]
E:\┘à╪¿╪º╪»╪▒┘ç\SmartEyeClinic\SmartEyeClinic.Web\Controllers\AppointmentController.cs(21,6): error CS0246: The type or namespace name 'HttpGetAttribute' could not be found (are you missing a using directive or an assembly reference?) [E:\┘à╪¿╪º╪»╪▒┘ç\SmartEyeClinic\SmartEyeClinic.csproj]
E:\┘à╪¿╪º╪»╪▒┘ç\SmartEyeClinic\SmartEyeClinic.Web\Controllers\AppointmentController.cs(21,6): error CS0246: The type or namespace name 'HttpGet' could not be found (are you missing a using directive or an assembly reference?) [E:\┘à╪¿╪º╪»╪▒┘ç\SmartEyeClinic\SmartEyeClinic.csproj]
E:\┘à╪¿╪º╪»╪▒┘ç\SmartEyeClinic\SmartEyeClinic.Web\Controllers\PatientController.cs(15,12): error CS0246: The type or namespace name 'IActionResult' could not be found (are you missing a using directive or an assembly reference?) [E:\┘à╪¿╪º╪»╪▒┘ç\SmartEyeClinic\SmartEyeClinic.csproj]
E:\┘à╪¿╪º╪»╪▒┘ç\SmartEyeClinic\SmartEyeClinic.Web\Controllers\PrescriptionController.cs(15,12): error CS0246: The type or namespace name 'IActionResult' could not be found (are you missing a using directive or an assembly reference?) [E:\┘à╪¿╪º╪»╪▒┘ç\SmartEyeClinic\SmartEyeClinic.csproj]
E:\┘à╪¿╪º╪»╪▒┘ç\SmartEyeClinic\SmartEyeClinic.Web\Controllers\InvoiceController.cs(29,12): error CS0246: The type or namespace name 'IActionResult' could not be found (are you missing a using directive or an assembly reference?) [E:\┘à╪¿╪º╪»╪▒┘ç\SmartEyeClinic\SmartEyeClinic.csproj]
E:\┘à╪¿╪º╪»╪▒┘ç\SmartEyeClinic\SmartEyeClinic.Web\Controllers\PaymentController.cs(15,12): error CS0246: The type or namespace name 'IActionResult' could not be found (are you missing a using directive or an assembly reference?) [E:\┘à╪¿╪º╪»╪▒┘ç\SmartEyeClinic\SmartEyeClinic.csproj]
E:\┘à╪¿╪º╪»╪▒┘ç\SmartEyeClinic\SmartEyeClinic.Web\Controllers\MedicineController.cs(29,12): error CS0246: The type or namespace name 'IActionResult' could not be found (are you missing a using directive or an assembly reference?) [E:\┘à╪¿╪º╪»╪▒┘ç\SmartEyeClinic\SmartEyeClinic.csproj]
E:\┘à╪¿╪º╪»╪▒┘ç\SmartEyeClinic\SmartEyeClinic.Web\Controllers\ExaminationController.cs(21,6): error CS0246: The type or namespace name 'HttpGetAttribute' could not be found (are you missing a using directive or an assembly reference?) [E:\┘à╪¿╪º╪»╪▒┘ç\SmartEyeClinic\SmartEyeClinic.csproj]
E:\┘à╪¿╪º╪»╪▒┘ç\SmartEyeClinic\SmartEyeClinic.Web\Controllers\ExaminationController.cs(21,6): error CS0246: The type or namespace name 'HttpGet' could not be found (are you missing a using directive or an assembly reference?) [E:\┘à╪¿╪º╪»╪▒┘ç\SmartEyeClinic\SmartEyeClinic.csproj]
E:\┘à╪¿╪º╪»╪▒┘ç\SmartEyeClinic\SmartEyeClinic.Web\Controllers\DoctorController.cs(21,6): error CS0246: The type or namespace name 'HttpGetAttribute' could not be found (are you missing a using directive or an assembly reference?) [E:\┘à╪¿╪º╪»╪▒┘ç\SmartEyeClinic\SmartEyeClinic.csproj]
E:\┘à╪¿╪º╪»╪▒┘ç\SmartEyeClinic\SmartEyeClinic.Web\Controllers\DoctorController.cs(21,6): error CS0246: The type or namespace name 'HttpGet' could not be found (are you missing a using directive or an assembly reference?) [E:\┘à╪¿╪º╪»╪▒┘ç\SmartEyeClinic\SmartEyeClinic.csproj]
E:\┘à╪¿╪º╪»╪▒┘ç\SmartEyeClinic\SmartEyeClinic.Web\Controllers\PatientController.cs(22,12): error CS0246: The type or namespace name 'IActionResult' could not be found (are you missing a using directive or an assembly reference?) [E:\┘à╪¿╪º╪»╪▒┘ç\SmartEyeClinic\SmartEyeClinic.csproj]
E:\┘à╪¿╪º╪»╪▒┘ç\SmartEyeClinic\SmartEyeClinic.Web\Controllers\PrescriptionController.cs(22,12): error CS0246: The type or namespace name 'IActionResult' could not be found (are you missing a using directive or an assembly reference?) [E:\┘à╪¿╪º╪»╪▒┘ç\SmartEyeClinic\SmartEyeClinic.csproj]
E:\┘à╪¿╪º╪»╪▒┘ç\SmartEyeClinic\SmartEyeClinic.Web\Controllers\PaymentController.cs(22,12): error CS0246: The type or namespace name 'IActionResult' could not be found (are you missing a using directive or an assembly reference?) [E:\┘à╪¿╪º╪»╪▒┘ç\SmartEyeClinic\SmartEyeClinic.csproj]
E:\┘à╪¿╪º╪»╪▒┘ç\SmartEyeClinic\SmartEyeClinic.Web\Controllers\PatientController.cs(29,12): error CS0246: The type or namespace name 'IActionResult' could not be found (are you missing a using directive or an assembly reference?) [E:\┘à╪¿╪º╪»╪▒┘ç\SmartEyeClinic\SmartEyeClinic.csproj]
E:\┘à╪¿╪º╪»╪▒┘ç\SmartEyeClinic\SmartEyeClinic.Web\Controllers\PrescriptionController.cs(29,12): error CS0246: The type or namespace name 'IActionResult' could not be found (are you missing a using directive or an assembly reference?) [E:\┘à╪¿╪º╪»╪▒┘ç\SmartEyeClinic\SmartEyeClinic.csproj]
E:\┘à╪¿╪º╪»╪▒┘ç\SmartEyeClinic\SmartEyeClinic.Web\Controllers\PaymentController.cs(29,12): error CS0246: The type or namespace name 'IActionResult' could not be found (are you missing a using directive or an assembly reference?) [E:\┘à╪¿╪º╪»╪▒┘ç\SmartEyeClinic\SmartEyeClinic.csproj]
E:\┘à╪¿╪º╪»╪▒┘ç\SmartEyeClinic\SmartEyeClinic.Web\Controllers\InvoiceController.cs(21,6): error CS0246: The type or namespace name 'HttpGetAttribute' could not be found (are you missing a using directive or an assembly reference?) [E:\┘à╪¿╪º╪»╪▒┘ç\SmartEyeClinic\SmartEyeClinic.csproj]
E:\┘à╪¿╪º╪»╪▒┘ç\SmartEyeClinic\SmartEyeClinic.Web\Controllers\InvoiceController.cs(21,6): error CS0246: The type or namespace name 'HttpGet' could not be found (are you missing a using directive or an assembly reference?) [E:\┘à╪¿╪º╪»╪▒┘ç\SmartEyeClinic\SmartEyeClinic.csproj]
E:\┘à╪¿╪º╪»╪▒┘ç\SmartEyeClinic\SmartEyeClinic.Web\Controllers\MedicineController.cs(21,6): error CS0246: The type or namespace name 'HttpGetAttribute' could not be found (are you missing a using directive or an assembly reference?) [E:\┘à╪¿╪º╪»╪▒┘ç\SmartEyeClinic\SmartEyeClinic.csproj]
E:\┘à╪¿╪º╪»╪▒┘ç\SmartEyeClinic\SmartEyeClinic.Web\Controllers\MedicineController.cs(21,6): error CS0246: The type or namespace name 'HttpGet' could not be found (are you missing a using directive or an assembly reference?) [E:\┘à╪¿╪º╪»╪▒┘ç\SmartEyeClinic\SmartEyeClinic.csproj]
E:\┘à╪¿╪º╪»╪▒┘ç\SmartEyeClinic\SmartEyeClinic.Web\Controllers\HomeController.cs(19,6): error CS0246: The type or namespace name 'ResponseCacheAttribute' could not be found (are you missing a using directive or an assembly reference?) [E:\┘à╪¿╪º╪»╪▒┘ç\SmartEyeClinic\SmartEyeClinic.csproj]
E:\┘à╪¿╪º╪»╪▒┘ç\SmartEyeClinic\SmartEyeClinic.Web\Controllers\HomeController.cs(19,6): error CS0246: The type or namespace name 'ResponseCache' could not be found (are you missing a using directive or an assembly reference?) [E:\┘à╪¿╪º╪»╪▒┘ç\SmartEyeClinic\SmartEyeClinic.csproj]
E:\┘à╪¿╪º╪»╪▒┘ç\SmartEyeClinic\SmartEyeClinic.Web\Controllers\HomeController.cs(19,45): error CS0103: The name 'ResponseCacheLocation' does not exist in the current context [E:\┘à╪¿╪º╪»╪▒┘ç\SmartEyeClinic\SmartEyeClinic.csproj]
E:\┘à╪¿╪º╪»╪▒┘ç\SmartEyeClinic\SmartEyeClinic.Web\Controllers\AppointmentController.cs(27,6): error CS0246: The type or namespace name 'HttpPostAttribute' could not be found (are you missing a using directive or an assembly reference?) [E:\┘à╪¿╪º╪»╪▒┘ç\SmartEyeClinic\SmartEyeClinic.csproj]
E:\┘à╪¿╪º╪»╪▒┘ç\SmartEyeClinic\SmartEyeClinic.Web\Controllers\AppointmentController.cs(27,6): error CS0246: The type or namespace name 'HttpPost' could not be found (are you missing a using directive or an assembly reference?) [E:\┘à╪¿╪º╪»╪▒┘ç\SmartEyeClinic\SmartEyeClinic.csproj]
E:\┘à╪¿╪º╪»╪▒┘ç\SmartEyeClinic\SmartEyeClinic.Web\Controllers\AppointmentController.cs(28,6): error CS0246: The type or namespace name 'ValidateAntiForgeryTokenAttribute' could not be found (are you missing a using directive or an assembly reference?) [E:\┘à╪¿╪º╪»╪▒┘ç\SmartEyeClinic\SmartEyeClinic.csproj]
E:\┘à╪¿╪º╪»╪▒┘ç\SmartEyeClinic\SmartEyeClinic.Web\Controllers\AppointmentController.cs(28,6): error CS0246: The type or namespace name 'ValidateAntiForgeryToken' could not be found (are you missing a using directive or an assembly reference?) [E:\┘à╪¿╪º╪»╪▒┘ç\SmartEyeClinic\SmartEyeClinic.csproj]
E:\┘à╪¿╪º╪»╪▒┘ç\SmartEyeClinic\SmartEyeClinic.Web\Controllers\PaymentController.cs(42,12): error CS0246: The type or namespace name 'IActionResult' could not be found (are you missing a using directive or an assembly reference?) [E:\┘à╪¿╪º╪»╪▒┘ç\SmartEyeClinic\SmartEyeClinic.csproj]
E:\┘à╪¿╪º╪»╪▒┘ç\SmartEyeClinic\SmartEyeClinic.Web\Controllers\PatientController.cs(21,6): error CS0246: The type or namespace name 'HttpGetAttribute' could not be found (are you missing a using directive or an assembly reference?) [E:\┘à╪¿╪º╪»╪▒┘ç\SmartEyeClinic\SmartEyeClinic.csproj]
E:\┘à╪¿╪º╪»╪▒┘ç\SmartEyeClinic\SmartEyeClinic.Web\Controllers\PatientController.cs(21,6): error CS0246: The type or namespace name 'HttpGet' could not be found (are you missing a using directive or an assembly reference?) [E:\┘à╪¿╪º╪»╪▒┘ç\SmartEyeClinic\SmartEyeClinic.csproj]
E:\┘à╪¿╪º╪»╪▒┘ç\SmartEyeClinic\SmartEyeClinic.Web\Controllers\PaymentController.cs(49,12): error CS0246: The type or namespace name 'IActionResult' could not be found (are you missing a using directive or an assembly reference?) [E:\┘à╪¿╪º╪»╪▒┘ç\SmartEyeClinic\SmartEyeClinic.csproj]
E:\┘à╪¿╪º╪»╪▒┘ç\SmartEyeClinic\SmartEyeClinic.Web\Controllers\PrescriptionController.cs(21,6): error CS0246: The type or namespace name 'HttpGetAttribute' could not be found (are you missing a using directive or an assembly reference?) [E:\┘à╪¿╪º╪»╪▒┘ç\SmartEyeClinic\SmartEyeClinic.csproj]
E:\┘à╪¿╪º╪»╪▒┘ç\SmartEyeClinic\SmartEyeClinic.Web\Controllers\PrescriptionController.cs(21,6): error CS0246: The type or namespace name 'HttpGet' could not be found (are you missing a using directive or an assembly reference?) [E:\┘à╪¿╪º╪»╪▒┘ç\SmartEyeClinic\SmartEyeClinic.csproj]
E:\┘à╪¿╪º╪»╪▒┘ç\SmartEyeClinic\SmartEyeClinic.Web\Controllers\ExaminationController.cs(27,6): error CS0246: The type or namespace name 'HttpPostAttribute' could not be found (are you missing a using directive or an assembly reference?) [E:\┘à╪¿╪º╪»╪▒┘ç\SmartEyeClinic\SmartEyeClinic.csproj]
E:\┘à╪¿╪º╪»╪▒┘ç\SmartEyeClinic\SmartEyeClinic.Web\Controllers\ExaminationController.cs(27,6): error CS0246: The type or namespace name 'HttpPost' could not be found (are you missing a using directive or an assembly reference?) [E:\┘à╪¿╪º╪»╪▒┘ç\SmartEyeClinic\SmartEyeClinic.csproj]
E:\┘à╪¿╪º╪»╪▒┘ç\SmartEyeClinic\SmartEyeClinic.Web\Controllers\ExaminationController.cs(28,6): error CS0246: The type or namespace name 'ValidateAntiForgeryTokenAttribute' could not be found (are you missing a using directive or an assembly reference?) [E:\┘à╪¿╪º╪»╪▒┘ç\SmartEyeClinic\SmartEyeClinic.csproj]
E:\┘à╪¿╪º╪»╪▒┘ç\SmartEyeClinic\SmartEyeClinic.Web\Controllers\ExaminationController.cs(28,6): error CS0246: The type or namespace name 'ValidateAntiForgeryToken' could not be found (are you missing a using directive or an assembly reference?) [E:\┘à╪¿╪º╪»╪▒┘ç\SmartEyeClinic\SmartEyeClinic.csproj]
E:\┘à╪¿╪º╪»╪▒┘ç\SmartEyeClinic\SmartEyeClinic.Web\Controllers\DoctorController.cs(27,6): error CS0246: The type or namespace name 'HttpPostAttribute' could not be found (are you missing a using directive or an assembly reference?) [E:\┘à╪¿╪º╪»╪▒┘ç\SmartEyeClinic\SmartEyeClinic.csproj]
E:\┘à╪¿╪º╪»╪▒┘ç\SmartEyeClinic\SmartEyeClinic.Web\Controllers\DoctorController.cs(27,6): error CS0246: The type or namespace name 'HttpPost' could not be found (are you missing a using directive or an assembly reference?) [E:\┘à╪¿╪º╪»╪▒┘ç\SmartEyeClinic\SmartEyeClinic.csproj]
E:\┘à╪¿╪º╪»╪▒┘ç\SmartEyeClinic\SmartEyeClinic.Web\Controllers\DoctorController.cs(28,6): error CS0246: The type or namespace name 'ValidateAntiForgeryTokenAttribute' could not be found (are you missing a using directive or an assembly reference?) [E:\┘à╪¿╪º╪»╪▒┘ç\SmartEyeClinic\SmartEyeClinic.csproj]
E:\┘à╪¿╪º╪»╪▒┘ç\SmartEyeClinic\SmartEyeClinic.Web\Controllers\DoctorController.cs(28,6): error CS0246: The type or namespace name 'ValidateAntiForgeryToken' could not be found (are you missing a using directive or an assembly reference?) [E:\┘à╪¿╪º╪»╪▒┘ç\SmartEyeClinic\SmartEyeClinic.csproj]
E:\┘à╪¿╪º╪»╪▒┘ç\SmartEyeClinic\SmartEyeClinic.Web\Controllers\PaymentController.cs(56,12): error CS0246: The type or namespace name 'IActionResult' could not be found (are you missing a using directive or an assembly reference?) [E:\┘à╪¿╪º╪»╪▒┘ç\SmartEyeClinic\SmartEyeClinic.csproj]
E:\┘à╪¿╪º╪»╪▒┘ç\SmartEyeClinic\SmartEyeClinic.Web\Controllers\InvoiceController.cs(27,6): error CS0246: The type or namespace name 'HttpPostAttribute' could not be found (are you missing a using directive or an assembly reference?) [E:\┘à╪¿╪º╪»╪▒┘ç\SmartEyeClinic\SmartEyeClinic.csproj]
E:\┘à╪¿╪º╪»╪▒┘ç\SmartEyeClinic\SmartEyeClinic.Web\Controllers\InvoiceController.cs(27,6): error CS0246: The type or namespace name 'HttpPost' could not be found (are you missing a using directive or an assembly reference?) [E:\┘à╪¿╪º╪»╪▒┘ç\SmartEyeClinic\SmartEyeClinic.csproj]
E:\┘à╪¿╪º╪»╪▒┘ç\SmartEyeClinic\SmartEyeClinic.Web\Controllers\InvoiceController.cs(28,6): error CS0246: The type or namespace name 'ValidateAntiForgeryTokenAttribute' could not be found (are you missing a using directive or an assembly reference?) [E:\┘à╪¿╪º╪»╪▒┘ç\SmartEyeClinic\SmartEyeClinic.csproj]
E:\┘à╪¿╪º╪»╪▒┘ç\SmartEyeClinic\SmartEyeClinic.Web\Controllers\InvoiceController.cs(28,6): error CS0246: The type or namespace name 'ValidateAntiForgeryToken' could not be found (are you missing a using directive or an assembly reference?) [E:\┘à╪¿╪º╪»╪▒┘ç\SmartEyeClinic\SmartEyeClinic.csproj]
E:\┘à╪¿╪º╪»╪▒┘ç\SmartEyeClinic\SmartEyeClinic.Web\Controllers\MedicineController.cs(27,6): error CS0246: The type or namespace name 'HttpPostAttribute' could not be found (are you missing a using directive or an assembly reference?) [E:\┘à╪¿╪º╪»╪▒┘ç\SmartEyeClinic\SmartEyeClinic.csproj]
E:\┘à╪¿╪º╪»╪▒┘ç\SmartEyeClinic\SmartEyeClinic.Web\Controllers\MedicineController.cs(27,6): error CS0246: The type or namespace name 'HttpPost' could not be found (are you missing a using directive or an assembly reference?) [E:\┘à╪¿╪º╪»╪▒┘ç\SmartEyeClinic\SmartEyeClinic.csproj]
E:\┘à╪¿╪º╪»╪▒┘ç\SmartEyeClinic\SmartEyeClinic.Web\Controllers\MedicineController.cs(28,6): error CS0246: The type or namespace name 'ValidateAntiForgeryTokenAttribute' could not be found (are you missing a using directive or an assembly reference?) [E:\┘à╪¿╪º╪»╪▒┘ç\SmartEyeClinic\SmartEyeClinic.csproj]
E:\┘à╪¿╪º╪»╪▒┘ç\SmartEyeClinic\SmartEyeClinic.Web\Controllers\MedicineController.cs(28,6): error CS0246: The type or namespace name 'ValidateAntiForgeryToken' could not be found (are you missing a using directive or an assembly reference?) [E:\┘à╪¿╪º╪»╪▒┘ç\SmartEyeClinic\SmartEyeClinic.csproj]
E:\┘à╪¿╪º╪»╪▒┘ç\SmartEyeClinic\SmartEyeClinic.Web\Controllers\PatientController.cs(27,6): error CS0246: The type or namespace name 'HttpPostAttribute' could not be found (are you missing a using directive or an assembly reference?) [E:\┘à╪¿╪º╪»╪▒┘ç\SmartEyeClinic\SmartEyeClinic.csproj]
E:\┘à╪¿╪º╪»╪▒┘ç\SmartEyeClinic\SmartEyeClinic.Web\Controllers\PatientController.cs(27,6): error CS0246: The type or namespace name 'HttpPost' could not be found (are you missing a using directive or an assembly reference?) [E:\┘à╪¿╪º╪»╪▒┘ç\SmartEyeClinic\SmartEyeClinic.csproj]
E:\┘à╪¿╪º╪»╪▒┘ç\SmartEyeClinic\SmartEyeClinic.Web\Controllers\PatientController.cs(28,6): error CS0246: The type or namespace name 'ValidateAntiForgeryTokenAttribute' could not be found (are you missing a using directive or an assembly reference?) [E:\┘à╪¿╪º╪»╪▒┘ç\SmartEyeClinic\SmartEyeClinic.csproj]
E:\┘à╪¿╪º╪»╪▒┘ç\SmartEyeClinic\SmartEyeClinic.Web\Controllers\PatientController.cs(28,6): error CS0246: The type or namespace name 'ValidateAntiForgeryToken' could not be found (are you missing a using directive or an assembly reference?) [E:\┘à╪¿╪º╪»╪▒┘ç\SmartEyeClinic\SmartEyeClinic.csproj]
E:\┘à╪¿╪º╪»╪▒┘ç\SmartEyeClinic\SmartEyeClinic.Web\Controllers\PaymentController.cs(21,6): error CS0246: The type or namespace name 'HttpGetAttribute' could not be found (are you missing a using directive or an assembly reference?) [E:\┘à╪¿╪º╪»╪▒┘ç\SmartEyeClinic\SmartEyeClinic.csproj]
E:\┘à╪¿╪º╪»╪▒┘ç\SmartEyeClinic\SmartEyeClinic.Web\Controllers\PaymentController.cs(21,6): error CS0246: The type or namespace name 'HttpGet' could not be found (are you missing a using directive or an assembly reference?) [E:\┘à╪¿╪º╪»╪▒┘ç\SmartEyeClinic\SmartEyeClinic.csproj]
E:\┘à╪¿╪º╪»╪▒┘ç\SmartEyeClinic\SmartEyeClinic.Web\Controllers\PrescriptionController.cs(27,6): error CS0246: The type or namespace name 'HttpPostAttribute' could not be found (are you missing a using directive or an assembly reference?) [E:\┘à╪¿╪º╪»╪▒┘ç\SmartEyeClinic\SmartEyeClinic.csproj]
E:\┘à╪¿╪º╪»╪▒┘ç\SmartEyeClinic\SmartEyeClinic.Web\Controllers\PrescriptionController.cs(27,6): error CS0246: The type or namespace name 'HttpPost' could not be found (are you missing a using directive or an assembly reference?) [E:\┘à╪¿╪º╪»╪▒┘ç\SmartEyeClinic\SmartEyeClinic.csproj]
E:\┘à╪¿╪º╪»╪▒┘ç\SmartEyeClinic\SmartEyeClinic.Web\Controllers\PrescriptionController.cs(28,6): error CS0246: The type or namespace name 'ValidateAntiForgeryTokenAttribute' could not be found (are you missing a using directive or an assembly reference?) [E:\┘à╪¿╪º╪»╪▒┘ç\SmartEyeClinic\SmartEyeClinic.csproj]
E:\┘à╪¿╪º╪»╪▒┘ç\SmartEyeClinic\SmartEyeClinic.Web\Controllers\PrescriptionController.cs(28,6): error CS0246: The type or namespace name 'ValidateAntiForgeryToken' could not be found (are you missing a using directive or an assembly reference?) [E:\┘à╪¿╪º╪»╪▒┘ç\SmartEyeClinic\SmartEyeClinic.csproj]
E:\┘à╪¿╪º╪»╪▒┘ç\SmartEyeClinic\SmartEyeClinic.Web\Controllers\PaymentController.cs(27,6): error CS0246: The type or namespace name 'HttpPostAttribute' could not be found (are you missing a using directive or an assembly reference?) [E:\┘à╪¿╪º╪»╪▒┘ç\SmartEyeClinic\SmartEyeClinic.csproj]
E:\┘à╪¿╪º╪»╪▒┘ç\SmartEyeClinic\SmartEyeClinic.Web\Controllers\PaymentController.cs(27,6): error CS0246: The type or namespace name 'HttpPost' could not be found (are you missing a using directive or an assembly reference?) [E:\┘à╪¿╪º╪»╪▒┘ç\SmartEyeClinic\SmartEyeClinic.csproj]
E:\┘à╪¿╪º╪»╪▒┘ç\SmartEyeClinic\SmartEyeClinic.Web\Controllers\PaymentController.cs(28,6): error CS0246: The type or namespace name 'ValidateAntiForgeryTokenAttribute' could not be found (are you missing a using directive or an assembly reference?) [E:\┘à╪¿╪º╪»╪▒┘ç\SmartEyeClinic\SmartEyeClinic.csproj]
E:\┘à╪¿╪º╪»╪▒┘ç\SmartEyeClinic\SmartEyeClinic.Web\Controllers\PaymentController.cs(28,6): error CS0246: The type or namespace name 'ValidateAntiForgeryToken' could not be found (are you missing a using directive or an assembly reference?) [E:\┘à╪¿╪º╪»╪▒┘ç\SmartEyeClinic\SmartEyeClinic.csproj]
E:\┘à╪¿╪º╪»╪▒┘ç\SmartEyeClinic\SmartEyeClinic.Web\Controllers\PaymentController.cs(48,6): error CS0246: The type or namespace name 'HttpGetAttribute' could not be found (are you missing a using directive or an assembly reference?) [E:\┘à╪¿╪º╪»╪▒┘ç\SmartEyeClinic\SmartEyeClinic.csproj]
E:\┘à╪¿╪º╪»╪▒┘ç\SmartEyeClinic\SmartEyeClinic.Web\Controllers\PaymentController.cs(48,6): error CS0246: The type or namespace name 'HttpGet' could not be found (are you missing a using directive or an assembly reference?) [E:\┘à╪¿╪º╪»╪▒┘ç\SmartEyeClinic\SmartEyeClinic.csproj]
E:\┘à╪¿╪º╪»╪▒┘ç\SmartEyeClinic\SmartEyeClinic.Web\Controllers\PaymentController.cs(54,6): error CS0246: The type or namespace name 'HttpPostAttribute' could not be found (are you missing a using directive or an assembly reference?) [E:\┘à╪¿╪º╪»╪▒┘ç\SmartEyeClinic\SmartEyeClinic.csproj]
E:\┘à╪¿╪º╪»╪▒┘ç\SmartEyeClinic\SmartEyeClinic.Web\Controllers\PaymentController.cs(54,6): error CS0246: The type or namespace name 'HttpPost' could not be found (are you missing a using directive or an assembly reference?) [E:\┘à╪¿╪º╪»╪▒┘ç\SmartEyeClinic\SmartEyeClinic.csproj]
E:\┘à╪¿╪º╪»╪▒┘ç\SmartEyeClinic\SmartEyeClinic.Web\Controllers\PaymentController.cs(55,6): error CS0246: The type or namespace name 'ValidateAntiForgeryTokenAttribute' could not be found (are you missing a using directive or an assembly reference?) [E:\┘à╪¿╪º╪»╪▒┘ç\SmartEyeClinic\SmartEyeClinic.csproj]
E:\┘à╪¿╪º╪»╪▒┘ç\SmartEyeClinic\SmartEyeClinic.Web\Controllers\PaymentController.cs(55,6): error CS0246: The type or namespace name 'ValidateAntiForgeryToken' could not be found (are you missing a using directive or an assembly reference?) [E:\┘à╪¿╪º╪»╪▒┘ç\SmartEyeClinic\SmartEyeClinic.csproj]

Build FAILED.

E:\┘à╪¿╪º╪»╪▒┘ç\SmartEyeClinic\Program.cs(8,7): error CS0260: Missing partial modifier on declaration of type 'Program'; another partial declaration of this type exists [E:\┘à╪¿╪º╪»╪▒┘ç\SmartEyeClinic\SmartEyeClinic.csproj]
E:\┘à╪¿╪º╪»╪▒┘ç\SmartEyeClinic\SmartEyeClinic.Web\obj\Debug\net10.0\SmartEyeClinic.Web.RazorAssemblyInfo.cs(13,22): error CS0234: The type or namespace name 'AspNetCore' does not exist in the namespace 'Microsoft' (are you missing an assembly reference?) [E:\┘à╪¿╪º╪»╪▒┘ç\SmartEyeClinic\SmartEyeClinic.csproj]
E:\┘à╪¿╪º╪»╪▒┘ç\SmartEyeClinic\obj\Debug\net10.0\.NETCoreApp,Version=v10.0.AssemblyAttributes.cs(4,12): error CS0579: Duplicate 'global::System.Runtime.Versioning.TargetFrameworkAttribute' attribute [E:\┘à╪¿╪º╪»╪▒┘ç\SmartEyeClinic\SmartEyeClinic.csproj]
E:\┘à╪¿╪º╪»╪▒┘ç\SmartEyeClinic\obj\Debug\net10.0\SmartEyeClinic.AssemblyInfo.cs(13,12): error CS0579: Duplicate 'System.Reflection.AssemblyCompanyAttribute' attribute [E:\┘à╪¿╪º╪»╪▒┘ç\SmartEyeClinic\SmartEyeClinic.csproj]
E:\┘à╪¿╪º╪»╪▒┘ç\SmartEyeClinic\obj\Debug\net10.0\SmartEyeClinic.AssemblyInfo.cs(14,12): error CS0579: Duplicate 'System.Reflection.AssemblyConfigurationAttribute' attribute [E:\┘à╪¿╪º╪»╪▒┘ç\SmartEyeClinic\SmartEyeClinic.csproj]
E:\┘à╪¿╪º╪»╪▒┘ç\SmartEyeClinic\obj\Debug\net10.0\SmartEyeClinic.AssemblyInfo.cs(15,12): error CS0579: Duplicate 'System.Reflection.AssemblyFileVersionAttribute' attribute [E:\┘à╪¿╪º╪»╪▒┘ç\SmartEyeClinic\SmartEyeClinic.csproj]
E:\┘à╪¿╪º╪»╪▒┘ç\SmartEyeClinic\obj\Debug\net10.0\SmartEyeClinic.AssemblyInfo.cs(16,12): error CS0579: Duplicate 'System.Reflection.AssemblyInformationalVersionAttribute' attribute [E:\┘à╪¿╪º╪»╪▒┘ç\SmartEyeClinic\SmartEyeClinic.csproj]
E:\┘à╪¿╪º╪»╪▒┘ç\SmartEyeClinic\obj\Debug\net10.0\SmartEyeClinic.AssemblyInfo.cs(17,12): error CS0579: Duplicate 'System.Reflection.AssemblyProductAttribute' attribute [E:\┘à╪¿╪º╪»╪▒┘ç\SmartEyeClinic\SmartEyeClinic.csproj]
E:\┘à╪¿╪º╪»╪▒┘ç\SmartEyeClinic\obj\Debug\net10.0\SmartEyeClinic.AssemblyInfo.cs(18,12): error CS0579: Duplicate 'System.Reflection.AssemblyTitleAttribute' attribute [E:\┘à╪¿╪º╪»╪▒┘ç\SmartEyeClinic\SmartEyeClinic.csproj]
E:\┘à╪¿╪º╪»╪▒┘ç\SmartEyeClinic\obj\Debug\net10.0\SmartEyeClinic.AssemblyInfo.cs(19,12): error CS0579: Duplicate 'System.Reflection.AssemblyVersionAttribute' attribute [E:\┘à╪¿╪º╪»╪▒┘ç\SmartEyeClinic\SmartEyeClinic.csproj]
E:\┘à╪¿╪º╪»╪▒┘ç\SmartEyeClinic\SmartEyeClinic.Web\Controllers\AppointmentController.cs(1,17): error CS0234: The type or namespace name 'AspNetCore' does not exist in the namespace 'Microsoft' (are you missing an assembly reference?) [E:\┘à╪¿╪º╪»╪▒┘ç\SmartEyeClinic\SmartEyeClinic.csproj]
E:\┘à╪¿╪º╪»╪▒┘ç\SmartEyeClinic\SmartEyeClinic.Web\Controllers\DoctorController.cs(1,17): error CS0234: The type or namespace name 'AspNetCore' does not exist in the namespace 'Microsoft' (are you missing an assembly reference?) [E:\┘à╪¿╪º╪»╪▒┘ç\SmartEyeClinic\SmartEyeClinic.csproj]
E:\┘à╪¿╪º╪»╪▒┘ç\SmartEyeClinic\SmartEyeClinic.Web\Controllers\ExaminationController.cs(1,17): error CS0234: The type or namespace name 'AspNetCore' does not exist in the namespace 'Microsoft' (are you missing an assembly reference?) [E:\┘à╪¿╪º╪»╪▒┘ç\SmartEyeClinic\SmartEyeClinic.csproj]
E:\┘à╪¿╪º╪»╪▒┘ç\SmartEyeClinic\SmartEyeClinic.Web\Controllers\HomeController.cs(2,17): error CS0234: The type or namespace name 'AspNetCore' does not exist in the namespace 'Microsoft' (are you missing an assembly reference?) [E:\┘à╪¿╪º╪»╪▒┘ç\SmartEyeClinic\SmartEyeClinic.csproj]
E:\┘à╪¿╪º╪»╪▒┘ç\SmartEyeClinic\SmartEyeClinic.Web\Controllers\InvoiceController.cs(1,17): error CS0234: The type or namespace name 'AspNetCore' does not exist in the namespace 'Microsoft' (are you missing an assembly reference?) [E:\┘à╪¿╪º╪»╪▒┘ç\SmartEyeClinic\SmartEyeClinic.csproj]
E:\┘à╪¿╪º╪»╪▒┘ç\SmartEyeClinic\SmartEyeClinic.Web\Controllers\MedicineController.cs(1,17): error CS0234: The type or namespace name 'AspNetCore' does not exist in the namespace 'Microsoft' (are you missing an assembly reference?) [E:\┘à╪¿╪º╪»╪▒┘ç\SmartEyeClinic\SmartEyeClinic.csproj]
E:\┘à╪¿╪º╪»╪▒┘ç\SmartEyeClinic\SmartEyeClinic.Web\Controllers\PatientController.cs(1,17): error CS0234: The type or namespace name 'AspNetCore' does not exist in the namespace 'Microsoft' (are you missing an assembly reference?) [E:\┘à╪¿╪º╪»╪▒┘ç\SmartEyeClinic\SmartEyeClinic.csproj]
E:\┘à╪¿╪º╪»╪▒┘ç\SmartEyeClinic\SmartEyeClinic.Web\Controllers\PaymentController.cs(1,17): error CS0234: The type or namespace name 'AspNetCore' does not exist in the namespace 'Microsoft' (are you missing an assembly reference?) [E:\┘à╪¿╪º╪»╪▒┘ç\SmartEyeClinic\SmartEyeClinic.csproj]
E:\┘à╪¿╪º╪»╪▒┘ç\SmartEyeClinic\SmartEyeClinic.Web\Controllers\PrescriptionController.cs(1,17): error CS0234: The type or namespace name 'AspNetCore' does not exist in the namespace 'Microsoft' (are you missing an assembly reference?) [E:\┘à╪¿╪º╪»╪▒┘ç\SmartEyeClinic\SmartEyeClinic.csproj]
E:\┘à╪¿╪º╪»╪▒┘ç\SmartEyeClinic\SmartEyeClinic.Web\obj\Debug\net10.0\SmartEyeClinic.Web.GlobalUsings.g.cs(2,24): error CS0234: The type or namespace name 'AspNetCore' does not exist in the namespace 'Microsoft' (are you missing an assembly reference?) [E:\┘à╪¿╪º╪»╪▒┘ç\SmartEyeClinic\SmartEyeClinic.csproj]
E:\┘à╪¿╪º╪»╪▒┘ç\SmartEyeClinic\SmartEyeClinic.Web\obj\Debug\net10.0\SmartEyeClinic.Web.GlobalUsings.g.cs(3,24): error CS0234: The type or namespace name 'AspNetCore' does not exist in the namespace 'Microsoft' (are you missing an assembly reference?) [E:\┘à╪¿╪º╪»╪▒┘ç\SmartEyeClinic\SmartEyeClinic.csproj]
E:\┘à╪¿╪º╪»╪▒┘ç\SmartEyeClinic\SmartEyeClinic.Web\obj\Debug\net10.0\SmartEyeClinic.Web.GlobalUsings.g.cs(4,24): error CS0234: The type or namespace name 'AspNetCore' does not exist in the namespace 'Microsoft' (are you missing an assembly reference?) [E:\┘à╪¿╪º╪»╪▒┘ç\SmartEyeClinic\SmartEyeClinic.csproj]
E:\┘à╪¿╪º╪»╪▒┘ç\SmartEyeClinic\SmartEyeClinic.Web\obj\Debug\net10.0\SmartEyeClinic.Web.GlobalUsings.g.cs(5,24): error CS0234: The type or namespace name 'AspNetCore' does not exist in the namespace 'Microsoft' (are you missing an assembly reference?) [E:\┘à╪¿╪º╪»╪▒┘ç\SmartEyeClinic\SmartEyeClinic.csproj]
E:\┘à╪¿╪º╪»╪▒┘ç\SmartEyeClinic\SmartEyeClinic.Web\obj\Debug\net10.0\SmartEyeClinic.Web.GlobalUsings.g.cs(8,35): error CS0234: The type or namespace name 'Hosting' does not exist in the namespace 'Microsoft.Extensions' (are you missing an assembly reference?) [E:\┘à╪¿╪º╪»╪▒┘ç\SmartEyeClinic\SmartEyeClinic.csproj]
E:\┘à╪¿╪º╪»╪▒┘ç\SmartEyeClinic\SmartEyeClinic.Web\Data\AppDbContext.cs(10,18): error CS0101: The namespace 'SmartEyeClinic.Data' already contains a definition for 'AppDbContext' [E:\┘à╪¿╪º╪»╪▒┘ç\SmartEyeClinic\SmartEyeClinic.csproj]
E:\┘à╪¿╪º╪»╪▒┘ç\SmartEyeClinic\SmartEyeClinic.Web\Models\Appointment.cs(8,18): error CS0101: The namespace 'SmartEyeClinic.Models' already contains a definition for 'Appointment' [E:\┘à╪¿╪º╪»╪▒┘ç\SmartEyeClinic\SmartEyeClinic.csproj]
E:\┘à╪¿╪º╪»╪▒┘ç\SmartEyeClinic\SmartEyeClinic.Web\Models\AuditLog.cs(7,18): error CS0101: The namespace 'SmartEyeClinic.Models' already contains a definition for 'AuditLog' [E:\┘à╪¿╪º╪»╪▒┘ç\SmartEyeClinic\SmartEyeClinic.csproj]
E:\┘à╪¿╪º╪»╪▒┘ç\SmartEyeClinic\SmartEyeClinic.Web\Models\Branch.cs(7,18): error CS0101: The namespace 'SmartEyeClinic.Models' already contains a definition for 'Branch' [E:\┘à╪¿╪º╪»╪▒┘ç\SmartEyeClinic\SmartEyeClinic.csproj]
E:\┘à╪¿╪º╪»╪▒┘ç\SmartEyeClinic\SmartEyeClinic.Web\Models\Doctor.cs(7,18): error CS0101: The namespace 'SmartEyeClinic.Models' already contains a definition for 'Doctor' [E:\┘à╪¿╪º╪»╪▒┘ç\SmartEyeClinic\SmartEyeClinic.csproj]
E:\┘à╪¿╪º╪»╪▒┘ç\SmartEyeClinic\SmartEyeClinic.Web\Models\DoctorBranch.cs(5,18): error CS0101: The namespace 'SmartEyeClinic.Models' already contains a definition for 'DoctorBranch' [E:\┘à╪¿╪º╪»╪▒┘ç\SmartEyeClinic\SmartEyeClinic.csproj]
E:\┘à╪¿╪º╪»╪▒┘ç\SmartEyeClinic\SmartEyeClinic.Web\Models\DoctorReview.cs(7,18): error CS0101: The namespace 'SmartEyeClinic.Models' already contains a definition for 'DoctorReview' [E:\┘à╪¿╪º╪»╪▒┘ç\SmartEyeClinic\SmartEyeClinic.csproj]
E:\┘à╪¿╪º╪»╪▒┘ç\SmartEyeClinic\SmartEyeClinic.Web\Models\DoctorSchedule.cs(7,18): error CS0101: The namespace 'SmartEyeClinic.Models' already contains a definition for 'DoctorSchedule' [E:\┘à╪¿╪º╪»╪▒┘ç\SmartEyeClinic\SmartEyeClinic.csproj]
E:\┘à╪¿╪º╪»╪▒┘ç\SmartEyeClinic\SmartEyeClinic.Web\Models\Examination.cs(7,18): error CS0101: The namespace 'SmartEyeClinic.Models' already contains a definition for 'Examination' [E:\┘à╪¿╪º╪»╪▒┘ç\SmartEyeClinic\SmartEyeClinic.csproj]
E:\┘à╪¿╪º╪»╪▒┘ç\SmartEyeClinic\SmartEyeClinic.Web\Models\InsuranceCompany.cs(7,18): error CS0101: The namespace 'SmartEyeClinic.Models' already contains a definition for 'InsuranceCompany' [E:\┘à╪¿╪º╪»╪▒┘ç\SmartEyeClinic\SmartEyeClinic.csproj]
E:\┘à╪¿╪º╪»╪▒┘ç\SmartEyeClinic\SmartEyeClinic.Web\Models\Invoice.cs(8,18): error CS0101: The namespace 'SmartEyeClinic.Models' already contains a definition for 'Invoice' [E:\┘à╪¿╪º╪»╪▒┘ç\SmartEyeClinic\SmartEyeClinic.csproj]
E:\┘à╪¿╪º╪»╪▒┘ç\SmartEyeClinic\SmartEyeClinic.Web\Models\MedicalFile.cs(7,18): error CS0101: The namespace 'SmartEyeClinic.Models' already contains a definition for 'MedicalFile' [E:\┘à╪¿╪º╪»╪▒┘ç\SmartEyeClinic\SmartEyeClinic.csproj]
E:\┘à╪¿╪º╪»╪▒┘ç\SmartEyeClinic\SmartEyeClinic.Web\Models\Medicine.cs(7,18): error CS0101: The namespace 'SmartEyeClinic.Models' already contains a definition for 'Medicine' [E:\┘à╪¿╪º╪»╪▒┘ç\SmartEyeClinic\SmartEyeClinic.csproj]
E:\┘à╪¿╪º╪»╪▒┘ç\SmartEyeClinic\SmartEyeClinic.Web\Models\Notification.cs(7,18): error CS0101: The namespace 'SmartEyeClinic.Models' already contains a definition for 'Notification' [E:\┘à╪¿╪º╪»╪▒┘ç\SmartEyeClinic\SmartEyeClinic.csproj]
E:\┘à╪¿╪º╪»╪▒┘ç\SmartEyeClinic\SmartEyeClinic.Web\Models\Patient.cs(8,18): error CS0101: The namespace 'SmartEyeClinic.Models' already contains a definition for 'Patient' [E:\┘à╪¿╪º╪»╪▒┘ç\SmartEyeClinic\SmartEyeClinic.csproj]
E:\┘à╪¿╪º╪»╪▒┘ç\SmartEyeClinic\SmartEyeClinic.Web\Models\PatientHistory.cs(7,18): error CS0101: The namespace 'SmartEyeClinic.Models' already contains a definition for 'PatientHistory' [E:\┘à╪¿╪º╪»╪▒┘ç\SmartEyeClinic\SmartEyeClinic.csproj]
E:\┘à╪¿╪º╪»╪▒┘ç\SmartEyeClinic\SmartEyeClinic.Web\Models\PatientInsurance.cs(7,18): error CS0101: The namespace 'SmartEyeClinic.Models' already contains a definition for 'PatientInsurance' [E:\┘à╪¿╪º╪»╪▒┘ç\SmartEyeClinic\SmartEyeClinic.csproj]
E:\┘à╪¿╪º╪»╪▒┘ç\SmartEyeClinic\SmartEyeClinic.Web\Models\Payment.cs(7,18): error CS0101: The namespace 'SmartEyeClinic.Models' already contains a definition for 'Payment' [E:\┘à╪¿╪º╪»╪▒┘ç\SmartEyeClinic\SmartEyeClinic.csproj]
E:\┘à╪¿╪º╪»╪▒┘ç\SmartEyeClinic\SmartEyeClinic.Web\Models\PaymentMethod.cs(7,18): error CS0101: The namespace 'SmartEyeClinic.Models' already contains a definition for 'PaymentMethod' [E:\┘à╪¿╪º╪»╪▒┘ç\SmartEyeClinic\SmartEyeClinic.csproj]
E:\┘à╪¿╪º╪»╪▒┘ç\SmartEyeClinic\SmartEyeClinic.Web\Models\PrescriptionHeader.cs(8,18): error CS0101: The namespace 'SmartEyeClinic.Models' already contains a definition for 'PrescriptionHeader' [E:\┘à╪¿╪º╪»╪▒┘ç\SmartEyeClinic\SmartEyeClinic.csproj]
E:\┘à╪¿╪º╪»╪▒┘ç\SmartEyeClinic\SmartEyeClinic.Web\Models\PrescriptionItem.cs(5,18): error CS0101: The namespace 'SmartEyeClinic.Models' already contains a definition for 'PrescriptionItem' [E:\┘à╪¿╪º╪»╪▒┘ç\SmartEyeClinic\SmartEyeClinic.csproj]
E:\┘à╪¿╪º╪»╪▒┘ç\SmartEyeClinic\SmartEyeClinic.Web\Models\Queue.cs(7,18): error CS0101: The namespace 'SmartEyeClinic.Models' already contains a definition for 'Queue' [E:\┘à╪¿╪º╪»╪▒┘ç\SmartEyeClinic\SmartEyeClinic.csproj]
E:\┘à╪¿╪º╪»╪▒┘ç\SmartEyeClinic\SmartEyeClinic.Web\Models\Receptionist.cs(8,18): error CS0101: The namespace 'SmartEyeClinic.Models' already contains a definition for 'Receptionist' [E:\┘à╪¿╪º╪»╪▒┘ç\SmartEyeClinic\SmartEyeClinic.csproj]
E:\┘à╪¿╪º╪»╪▒┘ç\SmartEyeClinic\SmartEyeClinic.Web\Models\Role.cs(7,18): error CS0101: The namespace 'SmartEyeClinic.Models' already contains a definition for 'Role' [E:\┘à╪¿╪º╪»╪▒┘ç\SmartEyeClinic\SmartEyeClinic.csproj]
E:\┘à╪¿╪º╪»╪▒┘ç\SmartEyeClinic\SmartEyeClinic.Web\Models\Specialization.cs(7,18): error CS0101: The namespace 'SmartEyeClinic.Models' already contains a definition for 'Specialization' [E:\┘à╪¿╪º╪»╪▒┘ç\SmartEyeClinic\SmartEyeClinic.csproj]
E:\┘à╪¿╪º╪»╪▒┘ç\SmartEyeClinic\SmartEyeClinic.Web\Models\Surgery.cs(7,18): error CS0101: The namespace 'SmartEyeClinic.Models' already contains a definition for 'Surgery' [E:\┘à╪¿╪º╪»╪▒┘ç\SmartEyeClinic\SmartEyeClinic.csproj]
E:\┘à╪¿╪º╪»╪▒┘ç\SmartEyeClinic\SmartEyeClinic.Web\Models\SurgeryType.cs(7,18): error CS0101: The namespace 'SmartEyeClinic.Models' already contains a definition for 'SurgeryType' [E:\┘à╪¿╪º╪»╪▒┘ç\SmartEyeClinic\SmartEyeClinic.csproj]
E:\┘à╪¿╪º╪»╪▒┘ç\SmartEyeClinic\SmartEyeClinic.Web\Models\User.cs(8,18): error CS0101: The namespace 'SmartEyeClinic.Models' already contains a definition for 'User' [E:\┘à╪¿╪º╪»╪▒┘ç\SmartEyeClinic\SmartEyeClinic.csproj]
E:\┘à╪¿╪º╪»╪▒┘ç\SmartEyeClinic\SmartEyeClinic.Web\Data\Configurations\AppointmentConfiguration.cs(10,18): error CS0101: The namespace 'SmartEyeClinic.Data.Configurations' already contains a definition for 'AppointmentConfiguration' [E:\┘à╪¿╪º╪»╪▒┘ç\SmartEyeClinic\SmartEyeClinic.csproj]
E:\┘à╪¿╪º╪»╪▒┘ç\SmartEyeClinic\SmartEyeClinic.Web\Data\Configurations\AuditLogConfiguration.cs(10,18): error CS0101: The namespace 'SmartEyeClinic.Data.Configurations' already contains a definition for 'AuditLogConfiguration' [E:\┘à╪¿╪º╪»╪▒┘ç\SmartEyeClinic\SmartEyeClinic.csproj]
E:\┘à╪¿╪º╪»╪▒┘ç\SmartEyeClinic\SmartEyeClinic.Web\Data\Configurations\BranchConfiguration.cs(9,18): error CS0101: The namespace 'SmartEyeClinic.Data.Configurations' already contains a definition for 'BranchConfiguration' [E:\┘à╪¿╪º╪»╪▒┘ç\SmartEyeClinic\SmartEyeClinic.csproj]
E:\┘à╪¿╪º╪»╪▒┘ç\SmartEyeClinic\SmartEyeClinic.Web\Data\Configurations\DoctorBranchConfiguration.cs(9,18): error CS0101: The namespace 'SmartEyeClinic.Data.Configurations' already contains a definition for 'DoctorBranchConfiguration' [E:\┘à╪¿╪º╪»╪▒┘ç\SmartEyeClinic\SmartEyeClinic.csproj]
E:\┘à╪¿╪º╪»╪▒┘ç\SmartEyeClinic\SmartEyeClinic.Web\Data\Configurations\DoctorConfiguration.cs(9,18): error CS0101: The namespace 'SmartEyeClinic.Data.Configurations' already contains a definition for 'DoctorConfiguration' [E:\┘à╪¿╪º╪»╪▒┘ç\SmartEyeClinic\SmartEyeClinic.csproj]
E:\┘à╪¿╪º╪»╪▒┘ç\SmartEyeClinic\SmartEyeClinic.Web\Data\Configurations\DoctorReviewConfiguration.cs(10,18): error CS0101: The namespace 'SmartEyeClinic.Data.Configurations' already contains a definition for 'DoctorReviewConfiguration' [E:\┘à╪¿╪º╪»╪▒┘ç\SmartEyeClinic\SmartEyeClinic.csproj]
E:\┘à╪¿╪º╪»╪▒┘ç\SmartEyeClinic\SmartEyeClinic.Web\Data\Configurations\DoctorScheduleConfiguration.cs(9,18): error CS0101: The namespace 'SmartEyeClinic.Data.Configurations' already contains a definition for 'DoctorScheduleConfiguration' [E:\┘à╪¿╪º╪»╪▒┘ç\SmartEyeClinic\SmartEyeClinic.csproj]
E:\┘à╪¿╪º╪»╪▒┘ç\SmartEyeClinic\SmartEyeClinic.Web\Data\Configurations\ExaminationConfiguration.cs(10,18): error CS0101: The namespace 'SmartEyeClinic.Data.Configurations' already contains a definition for 'ExaminationConfiguration' [E:\┘à╪¿╪º╪»╪▒┘ç\SmartEyeClinic\SmartEyeClinic.csproj]
E:\┘à╪¿╪º╪»╪▒┘ç\SmartEyeClinic\SmartEyeClinic.Web\Data\Configurations\InsuranceCompanyConfiguration.cs(9,18): error CS0101: The namespace 'SmartEyeClinic.Data.Configurations' already contains a definition for 'InsuranceCompanyConfiguration' [E:\┘à╪¿╪º╪»╪▒┘ç\SmartEyeClinic\SmartEyeClinic.csproj]
E:\┘à╪¿╪º╪»╪▒┘ç\SmartEyeClinic\SmartEyeClinic.Web\Data\Configurations\InvoiceConfiguration.cs(10,18): error CS0101: The namespace 'SmartEyeClinic.Data.Configurations' already contains a definition for 'InvoiceConfiguration' [E:\┘à╪¿╪º╪»╪▒┘ç\SmartEyeClinic\SmartEyeClinic.csproj]
E:\┘à╪¿╪º╪»╪▒┘ç\SmartEyeClinic\SmartEyeClinic.Web\Data\Configurations\MedicalFileConfiguration.cs(10,18): error CS0101: The namespace 'SmartEyeClinic.Data.Configurations' already contains a definition for 'MedicalFileConfiguration' [E:\┘à╪¿╪º╪»╪▒┘ç\SmartEyeClinic\SmartEyeClinic.csproj]
E:\┘à╪¿╪º╪»╪▒┘ç\SmartEyeClinic\SmartEyeClinic.Web\Data\Configurations\MedicineConfiguration.cs(9,18): error CS0101: The namespace 'SmartEyeClinic.Data.Configurations' already contains a definition for 'MedicineConfiguration' [E:\┘à╪¿╪º╪»╪▒┘ç\SmartEyeClinic\SmartEyeClinic.csproj]
E:\┘à╪¿╪º╪»╪▒┘ç\SmartEyeClinic\SmartEyeClinic.Web\Data\Configurations\NotificationConfiguration.cs(10,18): error CS0101: The namespace 'SmartEyeClinic.Data.Configurations' already contains a definition for 'NotificationConfiguration' [E:\┘à╪¿╪º╪»╪▒┘ç\SmartEyeClinic\SmartEyeClinic.csproj]
E:\┘à╪¿╪º╪»╪▒┘ç\SmartEyeClinic\SmartEyeClinic.Web\Data\Configurations\PatientConfiguration.cs(9,18): error CS0101: The namespace 'SmartEyeClinic.Data.Configurations' already contains a definition for 'PatientConfiguration' [E:\┘à╪¿╪º╪»╪▒┘ç\SmartEyeClinic\SmartEyeClinic.csproj]
E:\┘à╪¿╪º╪»╪▒┘ç\SmartEyeClinic\SmartEyeClinic.Web\Data\Configurations\PatientHistoryConfiguration.cs(9,18): error CS0101: The namespace 'SmartEyeClinic.Data.Configurations' already contains a definition for 'PatientHistoryConfiguration' [E:\┘à╪¿╪º╪»╪▒┘ç\SmartEyeClinic\SmartEyeClinic.csproj]
E:\┘à╪¿╪º╪»╪▒┘ç\SmartEyeClinic\SmartEyeClinic.Web\Data\Configurations\PatientInsuranceConfiguration.cs(10,18): error CS0101: The namespace 'SmartEyeClinic.Data.Configurations' already contains a definition for 'PatientInsuranceConfiguration' [E:\┘à╪¿╪º╪»╪▒┘ç\SmartEyeClinic\SmartEyeClinic.csproj]
E:\┘à╪¿╪º╪»╪▒┘ç\SmartEyeClinic\SmartEyeClinic.Web\Data\Configurations\PaymentConfiguration.cs(10,18): error CS0101: The namespace 'SmartEyeClinic.Data.Configurations' already contains a definition for 'PaymentConfiguration' [E:\┘à╪¿╪º╪»╪▒┘ç\SmartEyeClinic\SmartEyeClinic.csproj]
E:\┘à╪¿╪º╪»╪▒┘ç\SmartEyeClinic\SmartEyeClinic.Web\Data\Configurations\PaymentMethodConfiguration.cs(9,18): error CS0101: The namespace 'SmartEyeClinic.Data.Configurations' already contains a definition for 'PaymentMethodConfiguration' [E:\┘à╪¿╪º╪»╪▒┘ç\SmartEyeClinic\SmartEyeClinic.csproj]
E:\┘à╪¿╪º╪»╪▒┘ç\SmartEyeClinic\SmartEyeClinic.Web\Data\Configurations\PrescriptionHeaderConfiguration.cs(10,18): error CS0101: The namespace 'SmartEyeClinic.Data.Configurations' already contains a definition for 'PrescriptionHeaderConfiguration' [E:\┘à╪¿╪º╪»╪▒┘ç\SmartEyeClinic\SmartEyeClinic.csproj]
E:\┘à╪¿╪º╪»╪▒┘ç\SmartEyeClinic\SmartEyeClinic.Web\Data\Configurations\PrescriptionItemConfiguration.cs(9,18): error CS0101: The namespace 'SmartEyeClinic.Data.Configurations' already contains a definition for 'PrescriptionItemConfiguration' [E:\┘à╪¿╪º╪»╪▒┘ç\SmartEyeClinic\SmartEyeClinic.csproj]
E:\┘à╪¿╪º╪»╪▒┘ç\SmartEyeClinic\SmartEyeClinic.Web\Data\Configurations\QueueConfiguration.cs(10,18): error CS0101: The namespace 'SmartEyeClinic.Data.Configurations' already contains a definition for 'QueueConfiguration' [E:\┘à╪¿╪º╪»╪▒┘ç\SmartEyeClinic\SmartEyeClinic.csproj]
E:\┘à╪¿╪º╪»╪▒┘ç\SmartEyeClinic\SmartEyeClinic.Web\Data\Configurations\ReceptionistConfiguration.cs(9,18): error CS0101: The namespace 'SmartEyeClinic.Data.Configurations' already contains a definition for 'ReceptionistConfiguration' [E:\┘à╪¿╪º╪»╪▒┘ç\SmartEyeClinic\SmartEyeClinic.csproj]
E:\┘à╪¿╪º╪»╪▒┘ç\SmartEyeClinic\SmartEyeClinic.Web\Data\Configurations\RoleConfiguration.cs(9,18): error CS0101: The namespace 'SmartEyeClinic.Data.Configurations' already contains a definition for 'RoleConfiguration' [E:\┘à╪¿╪º╪»╪▒┘ç\SmartEyeClinic\SmartEyeClinic.csproj]
E:\┘à╪¿╪º╪»╪▒┘ç\SmartEyeClinic\SmartEyeClinic.Web\Data\Configurations\SpecializationConfiguration.cs(9,18): error CS0101: The namespace 'SmartEyeClinic.Data.Configurations' already contains a definition for 'SpecializationConfiguration' [E:\┘à╪¿╪º╪»╪▒┘ç\SmartEyeClinic\SmartEyeClinic.csproj]
E:\┘à╪¿╪º╪»╪▒┘ç\SmartEyeClinic\SmartEyeClinic.Web\Data\Configurations\SurgeryConfiguration.cs(10,18): error CS0101: The namespace 'SmartEyeClinic.Data.Configurations' already contains a definition for 'SurgeryConfiguration' [E:\┘à╪¿╪º╪»╪▒┘ç\SmartEyeClinic\SmartEyeClinic.csproj]
E:\┘à╪¿╪º╪»╪▒┘ç\SmartEyeClinic\SmartEyeClinic.Web\Data\Configurations\SurgeryTypeConfiguration.cs(9,18): error CS0101: The namespace 'SmartEyeClinic.Data.Configurations' already contains a definition for 'SurgeryTypeConfiguration' [E:\┘à╪¿╪º╪»╪▒┘ç\SmartEyeClinic\SmartEyeClinic.csproj]
E:\┘à╪¿╪º╪»╪▒┘ç\SmartEyeClinic\SmartEyeClinic.Web\Data\Configurations\UserConfiguration.cs(10,18): error CS0101: The namespace 'SmartEyeClinic.Data.Configurations' already contains a definition for 'UserConfiguration' [E:\┘à╪¿╪º╪»╪▒┘ç\SmartEyeClinic\SmartEyeClinic.csproj]
E:\┘à╪¿╪º╪»╪▒┘ç\SmartEyeClinic\SmartEyeClinic.Web\Services\PatientService.cs(7,14): error CS0101: The namespace 'SmartEyeClinic.Web.Services' already contains a definition for 'PatientService' [E:\┘à╪¿╪º╪»╪▒┘ç\SmartEyeClinic\SmartEyeClinic.csproj]
E:\┘à╪¿╪º╪»╪▒┘ç\SmartEyeClinic\SmartEyeClinic.Web\Data\Configurations\BranchConfiguration.cs(11,21): error CS0111: Type 'BranchConfiguration' already defines a member called 'Configure' with the same parameter types [E:\┘à╪¿╪º╪»╪▒┘ç\SmartEyeClinic\SmartEyeClinic.csproj]
E:\┘à╪¿╪º╪»╪▒┘ç\SmartEyeClinic\SmartEyeClinic.Web\Data\Configurations\AppointmentConfiguration.cs(12,21): error CS0111: Type 'AppointmentConfiguration' already defines a member called 'Configure' with the same parameter types [E:\┘à╪¿╪º╪»╪▒┘ç\SmartEyeClinic\SmartEyeClinic.csproj]
E:\┘à╪¿╪º╪»╪▒┘ç\SmartEyeClinic\SmartEyeClinic.Web\Services\PatientService.cs(11,12): error CS0111: Type 'PatientService' already defines a member called 'PatientService' with the same parameter types [E:\┘à╪¿╪º╪»╪▒┘ç\SmartEyeClinic\SmartEyeClinic.csproj]
E:\┘à╪¿╪º╪»╪▒┘ç\SmartEyeClinic\SmartEyeClinic.Web\Services\PatientService.cs(16,26): error CS0111: Type 'PatientService' already defines a member called 'GetAllPatients' with the same parameter types [E:\┘à╪¿╪º╪»╪▒┘ç\SmartEyeClinic\SmartEyeClinic.csproj]
E:\┘à╪¿╪º╪»╪▒┘ç\SmartEyeClinic\SmartEyeClinic.Web\Services\PatientService.cs(23,17): error CS0111: Type 'PatientService' already defines a member called 'AddPatient' with the same parameter types [E:\┘à╪¿╪º╪»╪▒┘ç\SmartEyeClinic\SmartEyeClinic.csproj]
E:\┘à╪¿╪º╪»╪▒┘ç\SmartEyeClinic\SmartEyeClinic.Web\Data\Configurations\DoctorBranchConfiguration.cs(11,21): error CS0111: Type 'DoctorBranchConfiguration' already defines a member called 'Configure' with the same parameter types [E:\┘à╪¿╪º╪»╪▒┘ç\SmartEyeClinic\SmartEyeClinic.csproj]
E:\┘à╪¿╪º╪»╪▒┘ç\SmartEyeClinic\SmartEyeClinic.Web\Data\Configurations\AuditLogConfiguration.cs(12,21): error CS0111: Type 'AuditLogConfiguration' already defines a member called 'Configure' with the same parameter types [E:\┘à╪¿╪º╪»╪▒┘ç\SmartEyeClinic\SmartEyeClinic.csproj]
E:\┘à╪¿╪º╪»╪▒┘ç\SmartEyeClinic\SmartEyeClinic.Web\Data\Configurations\DoctorConfiguration.cs(11,21): error CS0111: Type 'DoctorConfiguration' already defines a member called 'Configure' with the same parameter types [E:\┘à╪¿╪º╪»╪▒┘ç\SmartEyeClinic\SmartEyeClinic.csproj]
E:\┘à╪¿╪º╪»╪▒┘ç\SmartEyeClinic\SmartEyeClinic.Web\Data\Configurations\DoctorReviewConfiguration.cs(12,21): error CS0111: Type 'DoctorReviewConfiguration' already defines a member called 'Configure' with the same parameter types [E:\┘à╪¿╪º╪»╪▒┘ç\SmartEyeClinic\SmartEyeClinic.csproj]
E:\┘à╪¿╪º╪»╪▒┘ç\SmartEyeClinic\SmartEyeClinic.Web\Data\Configurations\DoctorScheduleConfiguration.cs(11,21): error CS0111: Type 'DoctorScheduleConfiguration' already defines a member called 'Configure' with the same parameter types [E:\┘à╪¿╪º╪»╪▒┘ç\SmartEyeClinic\SmartEyeClinic.csproj]
E:\┘à╪¿╪º╪»╪▒┘ç\SmartEyeClinic\SmartEyeClinic.Web\Data\Configurations\InsuranceCompanyConfiguration.cs(11,21): error CS0111: Type 'InsuranceCompanyConfiguration' already defines a member called 'Configure' with the same parameter types [E:\┘à╪¿╪º╪»╪▒┘ç\SmartEyeClinic\SmartEyeClinic.csproj]
E:\┘à╪¿╪º╪»╪▒┘ç\SmartEyeClinic\SmartEyeClinic.Web\Data\Configurations\ExaminationConfiguration.cs(12,21): error CS0111: Type 'ExaminationConfiguration' already defines a member called 'Configure' with the same parameter types [E:\┘à╪¿╪º╪»╪▒┘ç\SmartEyeClinic\SmartEyeClinic.csproj]
E:\┘à╪¿╪º╪»╪▒┘ç\SmartEyeClinic\SmartEyeClinic.Web\Data\Configurations\InvoiceConfiguration.cs(12,21): error CS0111: Type 'InvoiceConfiguration' already defines a member called 'Configure' with the same parameter types [E:\┘à╪¿╪º╪»╪▒┘ç\SmartEyeClinic\SmartEyeClinic.csproj]
E:\┘à╪¿╪º╪»╪▒┘ç\SmartEyeClinic\SmartEyeClinic.Web\Data\Configurations\MedicalFileConfiguration.cs(12,21): error CS0111: Type 'MedicalFileConfiguration' already defines a member called 'Configure' with the same parameter types [E:\┘à╪¿╪º╪»╪▒┘ç\SmartEyeClinic\SmartEyeClinic.csproj]
E:\┘à╪¿╪º╪»╪▒┘ç\SmartEyeClinic\SmartEyeClinic.Web\Data\Configurations\PatientHistoryConfiguration.cs(11,21): error CS0111: Type 'PatientHistoryConfiguration' already defines a member called 'Configure' with the same parameter types [E:\┘à╪¿╪º╪»╪▒┘ç\SmartEyeClinic\SmartEyeClinic.csproj]
E:\┘à╪¿╪º╪»╪▒┘ç\SmartEyeClinic\SmartEyeClinic.Web\Data\Configurations\MedicineConfiguration.cs(11,21): error CS0111: Type 'MedicineConfiguration' already defines a member called 'Configure' with the same parameter types [E:\┘à╪¿╪º╪»╪▒┘ç\SmartEyeClinic\SmartEyeClinic.csproj]
E:\┘à╪¿╪º╪»╪▒┘ç\SmartEyeClinic\SmartEyeClinic.Web\Data\Configurations\NotificationConfiguration.cs(12,21): error CS0111: Type 'NotificationConfiguration' already defines a member called 'Configure' with the same parameter types [E:\┘à╪¿╪º╪»╪▒┘ç\SmartEyeClinic\SmartEyeClinic.csproj]
E:\┘à╪¿╪º╪»╪▒┘ç\SmartEyeClinic\SmartEyeClinic.Web\Data\Configurations\PatientInsuranceConfiguration.cs(12,21): error CS0111: Type 'PatientInsuranceConfiguration' already defines a member called 'Configure' with the same parameter types [E:\┘à╪¿╪º╪»╪▒┘ç\SmartEyeClinic\SmartEyeClinic.csproj]
E:\┘à╪¿╪º╪»╪▒┘ç\SmartEyeClinic\SmartEyeClinic.Web\Data\Configurations\PatientConfiguration.cs(11,21): error CS0111: Type 'PatientConfiguration' already defines a member called 'Configure' with the same parameter types [E:\┘à╪¿╪º╪»╪▒┘ç\SmartEyeClinic\SmartEyeClinic.csproj]
E:\┘à╪¿╪º╪»╪▒┘ç\SmartEyeClinic\SmartEyeClinic.Web\Data\Configurations\PaymentConfiguration.cs(12,21): error CS0111: Type 'PaymentConfiguration' already defines a member called 'Configure' with the same parameter types [E:\┘à╪¿╪º╪»╪▒┘ç\SmartEyeClinic\SmartEyeClinic.csproj]
E:\┘à╪¿╪º╪»╪▒┘ç\SmartEyeClinic\SmartEyeClinic.Web\Data\Configurations\QueueConfiguration.cs(12,21): error CS0111: Type 'QueueConfiguration' already defines a member called 'Configure' with the same parameter types [E:\┘à╪¿╪º╪»╪▒┘ç\SmartEyeClinic\SmartEyeClinic.csproj]
E:\┘à╪¿╪º╪»╪▒┘ç\SmartEyeClinic\SmartEyeClinic.Web\Data\Configurations\PrescriptionHeaderConfiguration.cs(12,21): error CS0111: Type 'PrescriptionHeaderConfiguration' already defines a member called 'Configure' with the same parameter types [E:\┘à╪¿╪º╪»╪▒┘ç\SmartEyeClinic\SmartEyeClinic.csproj]
E:\┘à╪¿╪º╪»╪▒┘ç\SmartEyeClinic\SmartEyeClinic.Web\Data\Configurations\PaymentMethodConfiguration.cs(11,21): error CS0111: Type 'PaymentMethodConfiguration' already defines a member called 'Configure' with the same parameter types [E:\┘à╪¿╪º╪»╪▒┘ç\SmartEyeClinic\SmartEyeClinic.csproj]
E:\┘à╪¿╪º╪»╪▒┘ç\SmartEyeClinic\SmartEyeClinic.Web\Data\Configurations\PrescriptionItemConfiguration.cs(11,21): error CS0111: Type 'PrescriptionItemConfiguration' already defines a member called 'Configure' with the same parameter types [E:\┘à╪¿╪º╪»╪▒┘ç\SmartEyeClinic\SmartEyeClinic.csproj]
E:\┘à╪¿╪º╪»╪▒┘ç\SmartEyeClinic\SmartEyeClinic.Web\Data\Configurations\ReceptionistConfiguration.cs(11,21): error CS0111: Type 'ReceptionistConfiguration' already defines a member called 'Configure' with the same parameter types [E:\┘à╪¿╪º╪»╪▒┘ç\SmartEyeClinic\SmartEyeClinic.csproj]
E:\┘à╪¿╪º╪»╪▒┘ç\SmartEyeClinic\SmartEyeClinic.Web\Data\Configurations\RoleConfiguration.cs(11,21): error CS0111: Type 'RoleConfiguration' already defines a member called 'Configure' with the same parameter types [E:\┘à╪¿╪º╪»╪▒┘ç\SmartEyeClinic\SmartEyeClinic.csproj]
E:\┘à╪¿╪º╪»╪▒┘ç\SmartEyeClinic\SmartEyeClinic.Web\Data\AppDbContext.cs(12,16): error CS0111: Type 'AppDbContext' already defines a member called 'AppDbContext' with the same parameter types [E:\┘à╪¿╪º╪»╪▒┘ç\SmartEyeClinic\SmartEyeClinic.csproj]
E:\┘à╪¿╪º╪»╪▒┘ç\SmartEyeClinic\SmartEyeClinic.Web\Data\AppDbContext.cs(16,16): error CS0111: Type 'AppDbContext' already defines a member called 'AppDbContext' with the same parameter types [E:\┘à╪¿╪º╪»╪▒┘ç\SmartEyeClinic\SmartEyeClinic.csproj]
E:\┘à╪¿╪º╪»╪▒┘ç\SmartEyeClinic\SmartEyeClinic.Web\Data\AppDbContext.cs(49,33): error CS0111: Type 'AppDbContext' already defines a member called 'OnConfiguring' with the same parameter types [E:\┘à╪¿╪º╪»╪▒┘ç\SmartEyeClinic\SmartEyeClinic.csproj]
E:\┘à╪¿╪º╪»╪▒┘ç\SmartEyeClinic\SmartEyeClinic.Web\Data\AppDbContext.cs(66,33): error CS0111: Type 'AppDbContext' already defines a member called 'OnModelCreating' with the same parameter types [E:\┘à╪¿╪º╪»╪▒┘ç\SmartEyeClinic\SmartEyeClinic.csproj]
E:\┘à╪¿╪º╪»╪▒┘ç\SmartEyeClinic\SmartEyeClinic.Web\Data\Configurations\UserConfiguration.cs(12,21): error CS0111: Type 'UserConfiguration' already defines a member called 'Configure' with the same parameter types [E:\┘à╪¿╪º╪»╪▒┘ç\SmartEyeClinic\SmartEyeClinic.csproj]
E:\┘à╪¿╪º╪»╪▒┘ç\SmartEyeClinic\SmartEyeClinic.Web\Data\Configurations\SurgeryConfiguration.cs(12,21): error CS0111: Type 'SurgeryConfiguration' already defines a member called 'Configure' with the same parameter types [E:\┘à╪¿╪º╪»╪▒┘ç\SmartEyeClinic\SmartEyeClinic.csproj]
E:\┘à╪¿╪º╪»╪▒┘ç\SmartEyeClinic\SmartEyeClinic.Web\Controllers\AppointmentController.cs(6,38): error CS0246: The type or namespace name 'Controller' could not be found (are you missing a using directive or an assembly reference?) [E:\┘à╪¿╪º╪»╪▒┘ç\SmartEyeClinic\SmartEyeClinic.csproj]
E:\┘à╪¿╪º╪»╪▒┘ç\SmartEyeClinic\SmartEyeClinic.Web\Data\Configurations\SpecializationConfiguration.cs(11,21): error CS0111: Type 'SpecializationConfiguration' already defines a member called 'Configure' with the same parameter types [E:\┘à╪¿╪º╪»╪▒┘ç\SmartEyeClinic\SmartEyeClinic.csproj]
E:\┘à╪¿╪º╪»╪▒┘ç\SmartEyeClinic\SmartEyeClinic.Web\Data\Configurations\SurgeryTypeConfiguration.cs(11,21): error CS0111: Type 'SurgeryTypeConfiguration' already defines a member called 'Configure' with the same parameter types [E:\┘à╪¿╪º╪»╪▒┘ç\SmartEyeClinic\SmartEyeClinic.csproj]
E:\┘à╪¿╪º╪»╪▒┘ç\SmartEyeClinic\SmartEyeClinic.Web\Controllers\DoctorController.cs(6,33): error CS0246: The type or namespace name 'Controller' could not be found (are you missing a using directive or an assembly reference?) [E:\┘à╪¿╪º╪»╪▒┘ç\SmartEyeClinic\SmartEyeClinic.csproj]
E:\┘à╪¿╪º╪»╪▒┘ç\SmartEyeClinic\SmartEyeClinic.Web\Controllers\ExaminationController.cs(6,38): error CS0246: The type or namespace name 'Controller' could not be found (are you missing a using directive or an assembly reference?) [E:\┘à╪¿╪º╪»╪▒┘ç\SmartEyeClinic\SmartEyeClinic.csproj]
E:\┘à╪¿╪º╪»╪▒┘ç\SmartEyeClinic\SmartEyeClinic.Web\Controllers\AppointmentController.cs(15,12): error CS0246: The type or namespace name 'IActionResult' could not be found (are you missing a using directive or an assembly reference?) [E:\┘à╪¿╪º╪»╪▒┘ç\SmartEyeClinic\SmartEyeClinic.csproj]
E:\┘à╪¿╪º╪»╪▒┘ç\SmartEyeClinic\SmartEyeClinic.Web\Controllers\HomeController.cs(7,31): error CS0246: The type or namespace name 'Controller' could not be found (are you missing a using directive or an assembly reference?) [E:\┘à╪¿╪º╪»╪▒┘ç\SmartEyeClinic\SmartEyeClinic.csproj]
E:\┘à╪¿╪º╪»╪▒┘ç\SmartEyeClinic\SmartEyeClinic.Web\Controllers\AppointmentController.cs(22,12): error CS0246: The type or namespace name 'IActionResult' could not be found (are you missing a using directive or an assembly reference?) [E:\┘à╪¿╪º╪»╪▒┘ç\SmartEyeClinic\SmartEyeClinic.csproj]
E:\┘à╪¿╪º╪»╪▒┘ç\SmartEyeClinic\SmartEyeClinic.Web\Controllers\InvoiceController.cs(6,34): error CS0246: The type or namespace name 'Controller' could not be found (are you missing a using directive or an assembly reference?) [E:\┘à╪¿╪º╪»╪▒┘ç\SmartEyeClinic\SmartEyeClinic.csproj]
E:\┘à╪¿╪º╪»╪▒┘ç\SmartEyeClinic\SmartEyeClinic.Web\Controllers\HomeController.cs(9,12): error CS0246: The type or namespace name 'IActionResult' could not be found (are you missing a using directive or an assembly reference?) [E:\┘à╪¿╪º╪»╪▒┘ç\SmartEyeClinic\SmartEyeClinic.csproj]
E:\┘à╪¿╪º╪»╪▒┘ç\SmartEyeClinic\SmartEyeClinic.Web\Controllers\ExaminationController.cs(15,12): error CS0246: The type or namespace name 'IActionResult' could not be found (are you missing a using directive or an assembly reference?) [E:\┘à╪¿╪º╪»╪▒┘ç\SmartEyeClinic\SmartEyeClinic.csproj]
E:\┘à╪¿╪º╪»╪▒┘ç\SmartEyeClinic\SmartEyeClinic.Web\Controllers\DoctorController.cs(15,12): error CS0246: The type or namespace name 'IActionResult' could not be found (are you missing a using directive or an assembly reference?) [E:\┘à╪¿╪º╪»╪▒┘ç\SmartEyeClinic\SmartEyeClinic.csproj]
E:\┘à╪¿╪º╪»╪▒┘ç\SmartEyeClinic\SmartEyeClinic.Web\Controllers\MedicineController.cs(6,35): error CS0246: The type or namespace name 'Controller' could not be found (are you missing a using directive or an assembly reference?) [E:\┘à╪¿╪º╪»╪▒┘ç\SmartEyeClinic\SmartEyeClinic.csproj]
E:\┘à╪¿╪º╪»╪▒┘ç\SmartEyeClinic\SmartEyeClinic.Web\Controllers\AppointmentController.cs(29,12): error CS0246: The type or namespace name 'IActionResult' could not be found (are you missing a using directive or an assembly reference?) [E:\┘à╪¿╪º╪»╪▒┘ç\SmartEyeClinic\SmartEyeClinic.csproj]
E:\┘à╪¿╪º╪»╪▒┘ç\SmartEyeClinic\SmartEyeClinic.Web\Controllers\ExaminationController.cs(22,12): error CS0246: The type or namespace name 'IActionResult' could not be found (are you missing a using directive or an assembly reference?) [E:\┘à╪¿╪º╪»╪▒┘ç\SmartEyeClinic\SmartEyeClinic.csproj]
E:\┘à╪¿╪º╪»╪▒┘ç\SmartEyeClinic\SmartEyeClinic.Web\Controllers\HomeController.cs(14,12): error CS0246: The type or namespace name 'IActionResult' could not be found (are you missing a using directive or an assembly reference?) [E:\┘à╪¿╪º╪»╪▒┘ç\SmartEyeClinic\SmartEyeClinic.csproj]
E:\┘à╪¿╪º╪»╪▒┘ç\SmartEyeClinic\SmartEyeClinic.Web\Controllers\DoctorController.cs(22,12): error CS0246: The type or namespace name 'IActionResult' could not be found (are you missing a using directive or an assembly reference?) [E:\┘à╪¿╪º╪»╪▒┘ç\SmartEyeClinic\SmartEyeClinic.csproj]
E:\┘à╪¿╪º╪»╪▒┘ç\SmartEyeClinic\SmartEyeClinic.Web\Controllers\InvoiceController.cs(15,12): error CS0246: The type or namespace name 'IActionResult' could not be found (are you missing a using directive or an assembly reference?) [E:\┘à╪¿╪º╪»╪▒┘ç\SmartEyeClinic\SmartEyeClinic.csproj]
E:\┘à╪¿╪º╪»╪▒┘ç\SmartEyeClinic\SmartEyeClinic.Web\Controllers\MedicineController.cs(15,12): error CS0246: The type or namespace name 'IActionResult' could not be found (are you missing a using directive or an assembly reference?) [E:\┘à╪¿╪º╪»╪▒┘ç\SmartEyeClinic\SmartEyeClinic.csproj]
E:\┘à╪¿╪º╪»╪▒┘ç\SmartEyeClinic\SmartEyeClinic.Web\Controllers\PrescriptionController.cs(6,39): error CS0246: The type or namespace name 'Controller' could not be found (are you missing a using directive or an assembly reference?) [E:\┘à╪¿╪º╪»╪▒┘ç\SmartEyeClinic\SmartEyeClinic.csproj]
E:\┘à╪¿╪º╪»╪▒┘ç\SmartEyeClinic\SmartEyeClinic.Web\Controllers\PatientController.cs(6,34): error CS0246: The type or namespace name 'Controller' could not be found (are you missing a using directive or an assembly reference?) [E:\┘à╪¿╪º╪»╪▒┘ç\SmartEyeClinic\SmartEyeClinic.csproj]
E:\┘à╪¿╪º╪»╪▒┘ç\SmartEyeClinic\SmartEyeClinic.Web\Controllers\PaymentController.cs(6,34): error CS0246: The type or namespace name 'Controller' could not be found (are you missing a using directive or an assembly reference?) [E:\┘à╪¿╪º╪»╪▒┘ç\SmartEyeClinic\SmartEyeClinic.csproj]
E:\┘à╪¿╪º╪»╪▒┘ç\SmartEyeClinic\SmartEyeClinic.Web\Controllers\ExaminationController.cs(29,12): error CS0246: The type or namespace name 'IActionResult' could not be found (are you missing a using directive or an assembly reference?) [E:\┘à╪¿╪º╪»╪▒┘ç\SmartEyeClinic\SmartEyeClinic.csproj]
E:\┘à╪¿╪º╪»╪▒┘ç\SmartEyeClinic\SmartEyeClinic.Web\Controllers\HomeController.cs(20,12): error CS0246: The type or namespace name 'IActionResult' could not be found (are you missing a using directive or an assembly reference?) [E:\┘à╪¿╪º╪»╪▒┘ç\SmartEyeClinic\SmartEyeClinic.csproj]
E:\┘à╪¿╪º╪»╪▒┘ç\SmartEyeClinic\SmartEyeClinic.Web\Controllers\DoctorController.cs(29,12): error CS0246: The type or namespace name 'IActionResult' could not be found (are you missing a using directive or an assembly reference?) [E:\┘à╪¿╪º╪»╪▒┘ç\SmartEyeClinic\SmartEyeClinic.csproj]
E:\┘à╪¿╪º╪»╪▒┘ç\SmartEyeClinic\SmartEyeClinic.Web\Controllers\InvoiceController.cs(22,12): error CS0246: The type or namespace name 'IActionResult' could not be found (are you missing a using directive or an assembly reference?) [E:\┘à╪¿╪º╪»╪▒┘ç\SmartEyeClinic\SmartEyeClinic.csproj]
E:\┘à╪¿╪º╪»╪▒┘ç\SmartEyeClinic\SmartEyeClinic.Web\Controllers\MedicineController.cs(22,12): error CS0246: The type or namespace name 'IActionResult' could not be found (are you missing a using directive or an assembly reference?) [E:\┘à╪¿╪º╪»╪▒┘ç\SmartEyeClinic\SmartEyeClinic.csproj]
E:\┘à╪¿╪º╪»╪▒┘ç\SmartEyeClinic\SmartEyeClinic.Web\Controllers\AppointmentController.cs(21,6): error CS0246: The type or namespace name 'HttpGetAttribute' could not be found (are you missing a using directive or an assembly reference?) [E:\┘à╪¿╪º╪»╪▒┘ç\SmartEyeClinic\SmartEyeClinic.csproj]
E:\┘à╪¿╪º╪»╪▒┘ç\SmartEyeClinic\SmartEyeClinic.Web\Controllers\AppointmentController.cs(21,6): error CS0246: The type or namespace name 'HttpGet' could not be found (are you missing a using directive or an assembly reference?) [E:\┘à╪¿╪º╪»╪▒┘ç\SmartEyeClinic\SmartEyeClinic.csproj]
E:\┘à╪¿╪º╪»╪▒┘ç\SmartEyeClinic\SmartEyeClinic.Web\Controllers\PatientController.cs(15,12): error CS0246: The type or namespace name 'IActionResult' could not be found (are you missing a using directive or an assembly reference?) [E:\┘à╪¿╪º╪»╪▒┘ç\SmartEyeClinic\SmartEyeClinic.csproj]
E:\┘à╪¿╪º╪»╪▒┘ç\SmartEyeClinic\SmartEyeClinic.Web\Controllers\PrescriptionController.cs(15,12): error CS0246: The type or namespace name 'IActionResult' could not be found (are you missing a using directive or an assembly reference?) [E:\┘à╪¿╪º╪»╪▒┘ç\SmartEyeClinic\SmartEyeClinic.csproj]
E:\┘à╪¿╪º╪»╪▒┘ç\SmartEyeClinic\SmartEyeClinic.Web\Controllers\InvoiceController.cs(29,12): error CS0246: The type or namespace name 'IActionResult' could not be found (are you missing a using directive or an assembly reference?) [E:\┘à╪¿╪º╪»╪▒┘ç\SmartEyeClinic\SmartEyeClinic.csproj]
E:\┘à╪¿╪º╪»╪▒┘ç\SmartEyeClinic\SmartEyeClinic.Web\Controllers\PaymentController.cs(15,12): error CS0246: The type or namespace name 'IActionResult' could not be found (are you missing a using directive or an assembly reference?) [E:\┘à╪¿╪º╪»╪▒┘ç\SmartEyeClinic\SmartEyeClinic.csproj]
E:\┘à╪¿╪º╪»╪▒┘ç\SmartEyeClinic\SmartEyeClinic.Web\Controllers\MedicineController.cs(29,12): error CS0246: The type or namespace name 'IActionResult' could not be found (are you missing a using directive or an assembly reference?) [E:\┘à╪¿╪º╪»╪▒┘ç\SmartEyeClinic\SmartEyeClinic.csproj]
E:\┘à╪¿╪º╪»╪▒┘ç\SmartEyeClinic\SmartEyeClinic.Web\Controllers\ExaminationController.cs(21,6): error CS0246: The type or namespace name 'HttpGetAttribute' could not be found (are you missing a using directive or an assembly reference?) [E:\┘à╪¿╪º╪»╪▒┘ç\SmartEyeClinic\SmartEyeClinic.csproj]
E:\┘à╪¿╪º╪»╪▒┘ç\SmartEyeClinic\SmartEyeClinic.Web\Controllers\ExaminationController.cs(21,6): error CS0246: The type or namespace name 'HttpGet' could not be found (are you missing a using directive or an assembly reference?) [E:\┘à╪¿╪º╪»╪▒┘ç\SmartEyeClinic\SmartEyeClinic.csproj]
E:\┘à╪¿╪º╪»╪▒┘ç\SmartEyeClinic\SmartEyeClinic.Web\Controllers\DoctorController.cs(21,6): error CS0246: The type or namespace name 'HttpGetAttribute' could not be found (are you missing a using directive or an assembly reference?) [E:\┘à╪¿╪º╪»╪▒┘ç\SmartEyeClinic\SmartEyeClinic.csproj]
E:\┘à╪¿╪º╪»╪▒┘ç\SmartEyeClinic\SmartEyeClinic.Web\Controllers\DoctorController.cs(21,6): error CS0246: The type or namespace name 'HttpGet' could not be found (are you missing a using directive or an assembly reference?) [E:\┘à╪¿╪º╪»╪▒┘ç\SmartEyeClinic\SmartEyeClinic.csproj]
E:\┘à╪¿╪º╪»╪▒┘ç\SmartEyeClinic\SmartEyeClinic.Web\Controllers\PatientController.cs(22,12): error CS0246: The type or namespace name 'IActionResult' could not be found (are you missing a using directive or an assembly reference?) [E:\┘à╪¿╪º╪»╪▒┘ç\SmartEyeClinic\SmartEyeClinic.csproj]
E:\┘à╪¿╪º╪»╪▒┘ç\SmartEyeClinic\SmartEyeClinic.Web\Controllers\PrescriptionController.cs(22,12): error CS0246: The type or namespace name 'IActionResult' could not be found (are you missing a using directive or an assembly reference?) [E:\┘à╪¿╪º╪»╪▒┘ç\SmartEyeClinic\SmartEyeClinic.csproj]
E:\┘à╪¿╪º╪»╪▒┘ç\SmartEyeClinic\SmartEyeClinic.Web\Controllers\PaymentController.cs(22,12): error CS0246: The type or namespace name 'IActionResult' could not be found (are you missing a using directive or an assembly reference?) [E:\┘à╪¿╪º╪»╪▒┘ç\SmartEyeClinic\SmartEyeClinic.csproj]
E:\┘à╪¿╪º╪»╪▒┘ç\SmartEyeClinic\SmartEyeClinic.Web\Controllers\PatientController.cs(29,12): error CS0246: The type or namespace name 'IActionResult' could not be found (are you missing a using directive or an assembly reference?) [E:\┘à╪¿╪º╪»╪▒┘ç\SmartEyeClinic\SmartEyeClinic.csproj]
E:\┘à╪¿╪º╪»╪▒┘ç\SmartEyeClinic\SmartEyeClinic.Web\Controllers\PrescriptionController.cs(29,12): error CS0246: The type or namespace name 'IActionResult' could not be found (are you missing a using directive or an assembly reference?) [E:\┘à╪¿╪º╪»╪▒┘ç\SmartEyeClinic\SmartEyeClinic.csproj]
E:\┘à╪¿╪º╪»╪▒┘ç\SmartEyeClinic\SmartEyeClinic.Web\Controllers\PaymentController.cs(29,12): error CS0246: The type or namespace name 'IActionResult' could not be found (are you missing a using directive or an assembly reference?) [E:\┘à╪¿╪º╪»╪▒┘ç\SmartEyeClinic\SmartEyeClinic.csproj]
E:\┘à╪¿╪º╪»╪▒┘ç\SmartEyeClinic\SmartEyeClinic.Web\Controllers\InvoiceController.cs(21,6): error CS0246: The type or namespace name 'HttpGetAttribute' could not be found (are you missing a using directive or an assembly reference?) [E:\┘à╪¿╪º╪»╪▒┘ç\SmartEyeClinic\SmartEyeClinic.csproj]
E:\┘à╪¿╪º╪»╪▒┘ç\SmartEyeClinic\SmartEyeClinic.Web\Controllers\InvoiceController.cs(21,6): error CS0246: The type or namespace name 'HttpGet' could not be found (are you missing a using directive or an assembly reference?) [E:\┘à╪¿╪º╪»╪▒┘ç\SmartEyeClinic\SmartEyeClinic.csproj]
E:\┘à╪¿╪º╪»╪▒┘ç\SmartEyeClinic\SmartEyeClinic.Web\Controllers\MedicineController.cs(21,6): error CS0246: The type or namespace name 'HttpGetAttribute' could not be found (are you missing a using directive or an assembly reference?) [E:\┘à╪¿╪º╪»╪▒┘ç\SmartEyeClinic\SmartEyeClinic.csproj]
E:\┘à╪¿╪º╪»╪▒┘ç\SmartEyeClinic\SmartEyeClinic.Web\Controllers\MedicineController.cs(21,6): error CS0246: The type or namespace name 'HttpGet' could not be found (are you missing a using directive or an assembly reference?) [E:\┘à╪¿╪º╪»╪▒┘ç\SmartEyeClinic\SmartEyeClinic.csproj]
E:\┘à╪¿╪º╪»╪▒┘ç\SmartEyeClinic\SmartEyeClinic.Web\Controllers\HomeController.cs(19,6): error CS0246: The type or namespace name 'ResponseCacheAttribute' could not be found (are you missing a using directive or an assembly reference?) [E:\┘à╪¿╪º╪»╪▒┘ç\SmartEyeClinic\SmartEyeClinic.csproj]
E:\┘à╪¿╪º╪»╪▒┘ç\SmartEyeClinic\SmartEyeClinic.Web\Controllers\HomeController.cs(19,6): error CS0246: The type or namespace name 'ResponseCache' could not be found (are you missing a using directive or an assembly reference?) [E:\┘à╪¿╪º╪»╪▒┘ç\SmartEyeClinic\SmartEyeClinic.csproj]
E:\┘à╪¿╪º╪»╪▒┘ç\SmartEyeClinic\SmartEyeClinic.Web\Controllers\HomeController.cs(19,45): error CS0103: The name 'ResponseCacheLocation' does not exist in the current context [E:\┘à╪¿╪º╪»╪▒┘ç\SmartEyeClinic\SmartEyeClinic.csproj]
E:\┘à╪¿╪º╪»╪▒┘ç\SmartEyeClinic\SmartEyeClinic.Web\Controllers\AppointmentController.cs(27,6): error CS0246: The type or namespace name 'HttpPostAttribute' could not be found (are you missing a using directive or an assembly reference?) [E:\┘à╪¿╪º╪»╪▒┘ç\SmartEyeClinic\SmartEyeClinic.csproj]
E:\┘à╪¿╪º╪»╪▒┘ç\SmartEyeClinic\SmartEyeClinic.Web\Controllers\AppointmentController.cs(27,6): error CS0246: The type or namespace name 'HttpPost' could not be found (are you missing a using directive or an assembly reference?) [E:\┘à╪¿╪º╪»╪▒┘ç\SmartEyeClinic\SmartEyeClinic.csproj]
E:\┘à╪¿╪º╪»╪▒┘ç\SmartEyeClinic\SmartEyeClinic.Web\Controllers\AppointmentController.cs(28,6): error CS0246: The type or namespace name 'ValidateAntiForgeryTokenAttribute' could not be found (are you missing a using directive or an assembly reference?) [E:\┘à╪¿╪º╪»╪▒┘ç\SmartEyeClinic\SmartEyeClinic.csproj]
E:\┘à╪¿╪º╪»╪▒┘ç\SmartEyeClinic\SmartEyeClinic.Web\Controllers\AppointmentController.cs(28,6): error CS0246: The type or namespace name 'ValidateAntiForgeryToken' could not be found (are you missing a using directive or an assembly reference?) [E:\┘à╪¿╪º╪»╪▒┘ç\SmartEyeClinic\SmartEyeClinic.csproj]
E:\┘à╪¿╪º╪»╪▒┘ç\SmartEyeClinic\SmartEyeClinic.Web\Controllers\PaymentController.cs(42,12): error CS0246: The type or namespace name 'IActionResult' could not be found (are you missing a using directive or an assembly reference?) [E:\┘à╪¿╪º╪»╪▒┘ç\SmartEyeClinic\SmartEyeClinic.csproj]
E:\┘à╪¿╪º╪»╪▒┘ç\SmartEyeClinic\SmartEyeClinic.Web\Controllers\PatientController.cs(21,6): error CS0246: The type or namespace name 'HttpGetAttribute' could not be found (are you missing a using directive or an assembly reference?) [E:\┘à╪¿╪º╪»╪▒┘ç\SmartEyeClinic\SmartEyeClinic.csproj]
E:\┘à╪¿╪º╪»╪▒┘ç\SmartEyeClinic\SmartEyeClinic.Web\Controllers\PatientController.cs(21,6): error CS0246: The type or namespace name 'HttpGet' could not be found (are you missing a using directive or an assembly reference?) [E:\┘à╪¿╪º╪»╪▒┘ç\SmartEyeClinic\SmartEyeClinic.csproj]
E:\┘à╪¿╪º╪»╪▒┘ç\SmartEyeClinic\SmartEyeClinic.Web\Controllers\PaymentController.cs(49,12): error CS0246: The type or namespace name 'IActionResult' could not be found (are you missing a using directive or an assembly reference?) [E:\┘à╪¿╪º╪»╪▒┘ç\SmartEyeClinic\SmartEyeClinic.csproj]
E:\┘à╪¿╪º╪»╪▒┘ç\SmartEyeClinic\SmartEyeClinic.Web\Controllers\PrescriptionController.cs(21,6): error CS0246: The type or namespace name 'HttpGetAttribute' could not be found (are you missing a using directive or an assembly reference?) [E:\┘à╪¿╪º╪»╪▒┘ç\SmartEyeClinic\SmartEyeClinic.csproj]
E:\┘à╪¿╪º╪»╪▒┘ç\SmartEyeClinic\SmartEyeClinic.Web\Controllers\PrescriptionController.cs(21,6): error CS0246: The type or namespace name 'HttpGet' could not be found (are you missing a using directive or an assembly reference?) [E:\┘à╪¿╪º╪»╪▒┘ç\SmartEyeClinic\SmartEyeClinic.csproj]
E:\┘à╪¿╪º╪»╪▒┘ç\SmartEyeClinic\SmartEyeClinic.Web\Controllers\ExaminationController.cs(27,6): error CS0246: The type or namespace name 'HttpPostAttribute' could not be found (are you missing a using directive or an assembly reference?) [E:\┘à╪¿╪º╪»╪▒┘ç\SmartEyeClinic\SmartEyeClinic.csproj]
E:\┘à╪¿╪º╪»╪▒┘ç\SmartEyeClinic\SmartEyeClinic.Web\Controllers\ExaminationController.cs(27,6): error CS0246: The type or namespace name 'HttpPost' could not be found (are you missing a using directive or an assembly reference?) [E:\┘à╪¿╪º╪»╪▒┘ç\SmartEyeClinic\SmartEyeClinic.csproj]
E:\┘à╪¿╪º╪»╪▒┘ç\SmartEyeClinic\SmartEyeClinic.Web\Controllers\ExaminationController.cs(28,6): error CS0246: The type or namespace name 'ValidateAntiForgeryTokenAttribute' could not be found (are you missing a using directive or an assembly reference?) [E:\┘à╪¿╪º╪»╪▒┘ç\SmartEyeClinic\SmartEyeClinic.csproj]
E:\┘à╪¿╪º╪»╪▒┘ç\SmartEyeClinic\SmartEyeClinic.Web\Controllers\ExaminationController.cs(28,6): error CS0246: The type or namespace name 'ValidateAntiForgeryToken' could not be found (are you missing a using directive or an assembly reference?) [E:\┘à╪¿╪º╪»╪▒┘ç\SmartEyeClinic\SmartEyeClinic.csproj]
E:\┘à╪¿╪º╪»╪▒┘ç\SmartEyeClinic\SmartEyeClinic.Web\Controllers\DoctorController.cs(27,6): error CS0246: The type or namespace name 'HttpPostAttribute' could not be found (are you missing a using directive or an assembly reference?) [E:\┘à╪¿╪º╪»╪▒┘ç\SmartEyeClinic\SmartEyeClinic.csproj]
E:\┘à╪¿╪º╪»╪▒┘ç\SmartEyeClinic\SmartEyeClinic.Web\Controllers\DoctorController.cs(27,6): error CS0246: The type or namespace name 'HttpPost' could not be found (are you missing a using directive or an assembly reference?) [E:\┘à╪¿╪º╪»╪▒┘ç\SmartEyeClinic\SmartEyeClinic.csproj]
E:\┘à╪¿╪º╪»╪▒┘ç\SmartEyeClinic\SmartEyeClinic.Web\Controllers\DoctorController.cs(28,6): error CS0246: The type or namespace name 'ValidateAntiForgeryTokenAttribute' could not be found (are you missing a using directive or an assembly reference?) [E:\┘à╪¿╪º╪»╪▒┘ç\SmartEyeClinic\SmartEyeClinic.csproj]
E:\┘à╪¿╪º╪»╪▒┘ç\SmartEyeClinic\SmartEyeClinic.Web\Controllers\DoctorController.cs(28,6): error CS0246: The type or namespace name 'ValidateAntiForgeryToken' could not be found (are you missing a using directive or an assembly reference?) [E:\┘à╪¿╪º╪»╪▒┘ç\SmartEyeClinic\SmartEyeClinic.csproj]
E:\┘à╪¿╪º╪»╪▒┘ç\SmartEyeClinic\SmartEyeClinic.Web\Controllers\PaymentController.cs(56,12): error CS0246: The type or namespace name 'IActionResult' could not be found (are you missing a using directive or an assembly reference?) [E:\┘à╪¿╪º╪»╪▒┘ç\SmartEyeClinic\SmartEyeClinic.csproj]
E:\┘à╪¿╪º╪»╪▒┘ç\SmartEyeClinic\SmartEyeClinic.Web\Controllers\InvoiceController.cs(27,6): error CS0246: The type or namespace name 'HttpPostAttribute' could not be found (are you missing a using directive or an assembly reference?) [E:\┘à╪¿╪º╪»╪▒┘ç\SmartEyeClinic\SmartEyeClinic.csproj]
E:\┘à╪¿╪º╪»╪▒┘ç\SmartEyeClinic\SmartEyeClinic.Web\Controllers\InvoiceController.cs(27,6): error CS0246: The type or namespace name 'HttpPost' could not be found (are you missing a using directive or an assembly reference?) [E:\┘à╪¿╪º╪»╪▒┘ç\SmartEyeClinic\SmartEyeClinic.csproj]
E:\┘à╪¿╪º╪»╪▒┘ç\SmartEyeClinic\SmartEyeClinic.Web\Controllers\InvoiceController.cs(28,6): error CS0246: The type or namespace name 'ValidateAntiForgeryTokenAttribute' could not be found (are you missing a using directive or an assembly reference?) [E:\┘à╪¿╪º╪»╪▒┘ç\SmartEyeClinic\SmartEyeClinic.csproj]
E:\┘à╪¿╪º╪»╪▒┘ç\SmartEyeClinic\SmartEyeClinic.Web\Controllers\InvoiceController.cs(28,6): error CS0246: The type or namespace name 'ValidateAntiForgeryToken' could not be found (are you missing a using directive or an assembly reference?) [E:\┘à╪¿╪º╪»╪▒┘ç\SmartEyeClinic\SmartEyeClinic.csproj]
E:\┘à╪¿╪º╪»╪▒┘ç\SmartEyeClinic\SmartEyeClinic.Web\Controllers\MedicineController.cs(27,6): error CS0246: The type or namespace name 'HttpPostAttribute' could not be found (are you missing a using directive or an assembly reference?) [E:\┘à╪¿╪º╪»╪▒┘ç\SmartEyeClinic\SmartEyeClinic.csproj]
E:\┘à╪¿╪º╪»╪▒┘ç\SmartEyeClinic\SmartEyeClinic.Web\Controllers\MedicineController.cs(27,6): error CS0246: The type or namespace name 'HttpPost' could not be found (are you missing a using directive or an assembly reference?) [E:\┘à╪¿╪º╪»╪▒┘ç\SmartEyeClinic\SmartEyeClinic.csproj]
E:\┘à╪¿╪º╪»╪▒┘ç\SmartEyeClinic\SmartEyeClinic.Web\Controllers\MedicineController.cs(28,6): error CS0246: The type or namespace name 'ValidateAntiForgeryTokenAttribute' could not be found (are you missing a using directive or an assembly reference?) [E:\┘à╪¿╪º╪»╪▒┘ç\SmartEyeClinic\SmartEyeClinic.csproj]
E:\┘à╪¿╪º╪»╪▒┘ç\SmartEyeClinic\SmartEyeClinic.Web\Controllers\MedicineController.cs(28,6): error CS0246: The type or namespace name 'ValidateAntiForgeryToken' could not be found (are you missing a using directive or an assembly reference?) [E:\┘à╪¿╪º╪»╪▒┘ç\SmartEyeClinic\SmartEyeClinic.csproj]
E:\┘à╪¿╪º╪»╪▒┘ç\SmartEyeClinic\SmartEyeClinic.Web\Controllers\PatientController.cs(27,6): error CS0246: The type or namespace name 'HttpPostAttribute' could not be found (are you missing a using directive or an assembly reference?) [E:\┘à╪¿╪º╪»╪▒┘ç\SmartEyeClinic\SmartEyeClinic.csproj]
E:\┘à╪¿╪º╪»╪▒┘ç\SmartEyeClinic\SmartEyeClinic.Web\Controllers\PatientController.cs(27,6): error CS0246: The type or namespace name 'HttpPost' could not be found (are you missing a using directive or an assembly reference?) [E:\┘à╪¿╪º╪»╪▒┘ç\SmartEyeClinic\SmartEyeClinic.csproj]
E:\┘à╪¿╪º╪»╪▒┘ç\SmartEyeClinic\SmartEyeClinic.Web\Controllers\PatientController.cs(28,6): error CS0246: The type or namespace name 'ValidateAntiForgeryTokenAttribute' could not be found (are you missing a using directive or an assembly reference?) [E:\┘à╪¿╪º╪»╪▒┘ç\SmartEyeClinic\SmartEyeClinic.csproj]
E:\┘à╪¿╪º╪»╪▒┘ç\SmartEyeClinic\SmartEyeClinic.Web\Controllers\PatientController.cs(28,6): error CS0246: The type or namespace name 'ValidateAntiForgeryToken' could not be found (are you missing a using directive or an assembly reference?) [E:\┘à╪¿╪º╪»╪▒┘ç\SmartEyeClinic\SmartEyeClinic.csproj]
E:\┘à╪¿╪º╪»╪▒┘ç\SmartEyeClinic\SmartEyeClinic.Web\Controllers\PaymentController.cs(21,6): error CS0246: The type or namespace name 'HttpGetAttribute' could not be found (are you missing a using directive or an assembly reference?) [E:\┘à╪¿╪º╪»╪▒┘ç\SmartEyeClinic\SmartEyeClinic.csproj]
E:\┘à╪¿╪º╪»╪▒┘ç\SmartEyeClinic\SmartEyeClinic.Web\Controllers\PaymentController.cs(21,6): error CS0246: The type or namespace name 'HttpGet' could not be found (are you missing a using directive or an assembly reference?) [E:\┘à╪¿╪º╪»╪▒┘ç\SmartEyeClinic\SmartEyeClinic.csproj]
E:\┘à╪¿╪º╪»╪▒┘ç\SmartEyeClinic\SmartEyeClinic.Web\Controllers\PrescriptionController.cs(27,6): error CS0246: The type or namespace name 'HttpPostAttribute' could not be found (are you missing a using directive or an assembly reference?) [E:\┘à╪¿╪º╪»╪▒┘ç\SmartEyeClinic\SmartEyeClinic.csproj]
E:\┘à╪¿╪º╪»╪▒┘ç\SmartEyeClinic\SmartEyeClinic.Web\Controllers\PrescriptionController.cs(27,6): error CS0246: The type or namespace name 'HttpPost' could not be found (are you missing a using directive or an assembly reference?) [E:\┘à╪¿╪º╪»╪▒┘ç\SmartEyeClinic\SmartEyeClinic.csproj]
E:\┘à╪¿╪º╪»╪▒┘ç\SmartEyeClinic\SmartEyeClinic.Web\Controllers\PrescriptionController.cs(28,6): error CS0246: The type or namespace name 'ValidateAntiForgeryTokenAttribute' could not be found (are you missing a using directive or an assembly reference?) [E:\┘à╪¿╪º╪»╪▒┘ç\SmartEyeClinic\SmartEyeClinic.csproj]
E:\┘à╪¿╪º╪»╪▒┘ç\SmartEyeClinic\SmartEyeClinic.Web\Controllers\PrescriptionController.cs(28,6): error CS0246: The type or namespace name 'ValidateAntiForgeryToken' could not be found (are you missing a using directive or an assembly reference?) [E:\┘à╪¿╪º╪»╪▒┘ç\SmartEyeClinic\SmartEyeClinic.csproj]
E:\┘à╪¿╪º╪»╪▒┘ç\SmartEyeClinic\SmartEyeClinic.Web\Controllers\PaymentController.cs(27,6): error CS0246: The type or namespace name 'HttpPostAttribute' could not be found (are you missing a using directive or an assembly reference?) [E:\┘à╪¿╪º╪»╪▒┘ç\SmartEyeClinic\SmartEyeClinic.csproj]
E:\┘à╪¿╪º╪»╪▒┘ç\SmartEyeClinic\SmartEyeClinic.Web\Controllers\PaymentController.cs(27,6): error CS0246: The type or namespace name 'HttpPost' could not be found (are you missing a using directive or an assembly reference?) [E:\┘à╪¿╪º╪»╪▒┘ç\SmartEyeClinic\SmartEyeClinic.csproj]
E:\┘à╪¿╪º╪»╪▒┘ç\SmartEyeClinic\SmartEyeClinic.Web\Controllers\PaymentController.cs(28,6): error CS0246: The type or namespace name 'ValidateAntiForgeryTokenAttribute' could not be found (are you missing a using directive or an assembly reference?) [E:\┘à╪¿╪º╪»╪▒┘ç\SmartEyeClinic\SmartEyeClinic.csproj]
E:\┘à╪¿╪º╪»╪▒┘ç\SmartEyeClinic\SmartEyeClinic.Web\Controllers\PaymentController.cs(28,6): error CS0246: The type or namespace name 'ValidateAntiForgeryToken' could not be found (are you missing a using directive or an assembly reference?) [E:\┘à╪¿╪º╪»╪▒┘ç\SmartEyeClinic\SmartEyeClinic.csproj]
E:\┘à╪¿╪º╪»╪▒┘ç\SmartEyeClinic\SmartEyeClinic.Web\Controllers\PaymentController.cs(48,6): error CS0246: The type or namespace name 'HttpGetAttribute' could not be found (are you missing a using directive or an assembly reference?) [E:\┘à╪¿╪º╪»╪▒┘ç\SmartEyeClinic\SmartEyeClinic.csproj]
E:\┘à╪¿╪º╪»╪▒┘ç\SmartEyeClinic\SmartEyeClinic.Web\Controllers\PaymentController.cs(48,6): error CS0246: The type or namespace name 'HttpGet' could not be found (are you missing a using directive or an assembly reference?) [E:\┘à╪¿╪º╪»╪▒┘ç\SmartEyeClinic\SmartEyeClinic.csproj]
E:\┘à╪¿╪º╪»╪▒┘ç\SmartEyeClinic\SmartEyeClinic.Web\Controllers\PaymentController.cs(54,6): error CS0246: The type or namespace name 'HttpPostAttribute' could not be found (are you missing a using directive or an assembly reference?) [E:\┘à╪¿╪º╪»╪▒┘ç\SmartEyeClinic\SmartEyeClinic.csproj]
E:\┘à╪¿╪º╪»╪▒┘ç\SmartEyeClinic\SmartEyeClinic.Web\Controllers\PaymentController.cs(54,6): error CS0246: The type or namespace name 'HttpPost' could not be found (are you missing a using directive or an assembly reference?) [E:\┘à╪¿╪º╪»╪▒┘ç\SmartEyeClinic\SmartEyeClinic.csproj]
E:\┘à╪¿╪º╪»╪▒┘ç\SmartEyeClinic\SmartEyeClinic.Web\Controllers\PaymentController.cs(55,6): error CS0246: The type or namespace name 'ValidateAntiForgeryTokenAttribute' could not be found (are you missing a using directive or an assembly reference?) [E:\┘à╪¿╪º╪»╪▒┘ç\SmartEyeClinic\SmartEyeClinic.csproj]
E:\┘à╪¿╪º╪»╪▒┘ç\SmartEyeClinic\SmartEyeClinic.Web\Controllers\PaymentController.cs(55,6): error CS0246: The type or namespace name 'ValidateAntiForgeryToken' could not be found (are you missing a using directive or an assembly reference?) [E:\┘à╪¿╪º╪»╪▒┘ç\SmartEyeClinic\SmartEyeClinic.csproj]
    0 Warning(s)
    210 Error(s)

Time Elapsed 00:00:01.24
